Archive member included to satisfy reference by file (symbol)

C:/devkitPro/libogc/lib/wii\libogc.a(console.o)
                              build/src/main.c.o (CON_Init)
C:/devkitPro/libogc/lib/wii\libogc.a(lwp.o)
                              build/src/apploader/apploader.c.o (LWP_CreateThread)
C:/devkitPro/libogc/lib/wii\libogc.a(lwp_objmgr.o)
                              C:/devkitPro/libogc/lib/wii\libogc.a(lwp.o) (__lwp_objmgr_initinfo)
C:/devkitPro/libogc/lib/wii\libogc.a(lwp_heap.o)
                              C:/devkitPro/libogc/lib/wii\libogc.a(lwp_objmgr.o) (__lwp_heap_allocate)
C:/devkitPro/libogc/lib/wii\libogc.a(sys_state.o)
                              C:/devkitPro/libogc/lib/wii\libogc.a(lwp_heap.o) (_sys_state_curr)
C:/devkitPro/libogc/lib/wii\libogc.a(semaphore.o)
                              build/src/main.c.o (LWP_SemInit)
C:/devkitPro/libogc/lib/wii\libogc.a(video.o)
                              C:/devkitPro/libogc/lib/wii\libogc.a(console.o) (VIDEO_GetCurrentFramebuffer)
C:/devkitPro/libogc/lib/wii\libogc.a(cache_asm.o)
                              build/src/apploader/apploader.c.o (DCInvalidateRange)
C:/devkitPro/libogc/lib/wii\libogc.a(system.o)
                              C:/devkitPro/devkitPPC/bin/../lib/gcc/powerpc-eabi/13.2.0/../../../../powerpc-eabi/lib/crtmain.o (SYS_PreMain)
C:/devkitPro/libogc/lib/wii\libogc.a(cond.o)
                              C:/devkitPro/libogc/lib/wii\libogc.a(system.o) (__lwp_cond_init)
C:/devkitPro/libogc/lib/wii\libogc.a(decrementer.o)
                              C:/devkitPro/libogc/lib/wii\libogc.a(system.o) (__decrementer_init)
C:/devkitPro/libogc/lib/wii\libogc.a(message.o)
                              C:/devkitPro/libogc/lib/wii\libogc.a(system.o) (__lwp_mqbox_init)
C:/devkitPro/libogc/lib/wii\libogc.a(si.o)
                              C:/devkitPro/libogc/lib/wii\libogc.a(video.o) (SI_RefreshSamplingRate)
C:/devkitPro/libogc/lib/wii\libogc.a(ipc.o)
                              C:/devkitPro/libogc/lib/wii\libogc.a(system.o) (__IPC_ClntInit)
C:/devkitPro/libogc/lib/wii\libogc.a(ogc_crt0.o)
                              (_start)
C:/devkitPro/libogc/lib/wii\libogc.a(console_font_8x16.o)
                              C:/devkitPro/libogc/lib/wii\libogc.a(console.o) (console_font_8x16)
C:/devkitPro/libogc/lib/wii\libogc.a(timesupp.o)
                              C:/devkitPro/libogc/lib/wii\libogc.a(system.o) (gettick)
C:/devkitPro/libogc/lib/wii\libogc.a(lock_supp.o)
                              C:/devkitPro/libogc/lib/wii\libogc.a(system.o) (__syscall_lock_init)
C:/devkitPro/libogc/lib/wii\libogc.a(usbgecko.o)
                              C:/devkitPro/libogc/lib/wii\libogc.a(console.o) (usb_isgeckoalive)
C:/devkitPro/libogc/lib/wii\libogc.a(sbrk.o)
                              C:/devkitPro/libogc/lib/wii\libogc.a(system.o) (_sbrk_r)
C:/devkitPro/libogc/lib/wii\libogc.a(malloc_lock.o)
                              C:/devkitPro/libogc/lib/wii\libogc.a(system.o) (__memlock_init)
C:/devkitPro/libogc/lib/wii\libogc.a(stm.o)
                              C:/devkitPro/libogc/lib/wii\libogc.a(system.o) (STM_RegisterEventHandler)
C:/devkitPro/libogc/lib/wii\libogc.a(ios.o)
                              C:/devkitPro/libogc/lib/wii\libogc.a(system.o) (__IOS_InitializeSubsystems)
C:/devkitPro/libogc/lib/wii\libogc.a(es.o)
                              C:/devkitPro/libogc/lib/wii\libogc.a(ios.o) (__ES_Init)
C:/devkitPro/libogc/lib/wii\libogc.a(argv.o)
                              C:/devkitPro/libogc/lib/wii\libogc.a(ogc_crt0.o) (__CheckARGV)
C:/devkitPro/libogc/lib/wii\libogc.a(wiisd.o)
                              build/src/main.c.o (__io_wiisd)
C:/devkitPro/libogc/lib/wii\libogc.a(conf.o)
                              C:/devkitPro/libogc/lib/wii\libogc.a(system.o) (CONF_Init)
C:/devkitPro/libogc/lib/wii\libogc.a(wiilaunch.o)
                              C:/devkitPro/libogc/lib/wii\libogc.a(system.o) (WII_Initialize)
C:/devkitPro/libogc/lib/wii\libogc.a(lwp_priority.o)
                              C:/devkitPro/libogc/lib/wii\libogc.a(system.o) (__lwp_priority_init)
C:/devkitPro/libogc/lib/wii\libogc.a(lwp_queue.o)
                              C:/devkitPro/libogc/lib/wii\libogc.a(lwp_objmgr.o) (__lwp_queue_initialize)
C:/devkitPro/libogc/lib/wii\libogc.a(lwp_threadq.o)
                              C:/devkitPro/libogc/lib/wii\libogc.a(lwp.o) (__lwp_threadqueue_init)
C:/devkitPro/libogc/lib/wii\libogc.a(lwp_threads.o)
                              C:/devkitPro/libogc/lib/wii\libogc.a(lwp.o) (_thr_executing)
C:/devkitPro/libogc/lib/wii\libogc.a(lwp_sema.o)
                              C:/devkitPro/libogc/lib/wii\libogc.a(semaphore.o) (__lwp_sema_initialize)
C:/devkitPro/libogc/lib/wii\libogc.a(lwp_messages.o)
                              C:/devkitPro/libogc/lib/wii\libogc.a(message.o) (__lwpmq_initialize)
C:/devkitPro/libogc/lib/wii\libogc.a(lwp_handler.o)
[...]
Memory Configuration

Name             Origin             Length             Attributes
*default*        0x00000000         0xffffffff

Linker script and memory map

                0x00003400                        . = 0x3400

.stub
 *(.stub)
                0x80004000                        . = 0x80004000

.init           0x80a00000      0x194
 *crt0.o(*.init)
 .init          0x80a00000      0x170 C:/devkitPro/libogc/lib/wii\libogc.a(ogc_crt0.o)
                0x80a00000                _start
                0x80a00140                _memset
 *(.init)
 .init          0x80a00170        0xc C:/devkitPro/devkitPPC/bin/../lib/gcc/powerpc-eabi/13.2.0/ecrti.o
                0x80a00170                __init
 .init          0x80a0017c        0x4 C:/devkitPro/devkitPPC/bin/../lib/gcc/powerpc-eabi/13.2.0/crtbegin.o
 .init          0x80a00180        0x4 C:/devkitPro/devkitPPC/bin/../lib/gcc/powerpc-eabi/13.2.0/crtend.o
 .init          0x80a00184       0x10 C:/devkitPro/devkitPPC/bin/../lib/gcc/powerpc-eabi/13.2.0/ecrtn.o

.rela.dyn       0x80a00194        0x0
 .rela.iplt     0x80a00194        0x0 C:/devkitPro/devkitPPC/bin/../lib/gcc/powerpc-eabi/13.2.0/crtbegin.o

.plt
 *(.plt)

.interp
 *(.interp)

.hash
 *(.hash)

.dynsym
 *(.dynsym)

.dynstr
 *(.dynstr)

.gnu.version
 *(.gnu.version)

.gnu.version_d
 *(.gnu.version_d)

.gnu.version_r
 *(.gnu.version_r)

.rel.init
 *(.rel.init)

.rela.init
 *(.rela.init)

.rel.text
 *(.rel.text .rel.text.* .rel.gnu.linkonce.t.*)

.rela.text      0x80a00194        0x0
 *(.rela.text .rela.text.* .rela.gnu.linkonce.t.*)
 .rela.text.__do_global_dtors_aux
                0x80a00194        0x0 C:/devkitPro/devkitPPC/bin/../lib/gcc/powerpc-eabi/13.2.0/crtbegin.o
 .rela.text.frame_dummy
                0x80a00194        0x0 C:/devkitPro/devkitPPC/bin/../lib/gcc/powerpc-eabi/13.2.0/crtbegin.o

.rel.fini
 *(.rel.fini)

.rela.fini
 *(.rela.fini)

.rel.rodata
 *(.rel.rodata .rel.rodata.* .rel.gnu.linkonce.r.*)

.rela.rodata
 *(.rela.rodata .rela.rodata.* .rela.gnu.linkonce.r.*)

.rel.data
 *(.rel.data .rel.data.* .rel.gnu.linkonce.d.*)

.rela.data
 *(.rela.data .rela.data.* .rela.gnu.linkonce.d.*)

.rel.tdata
 *(.rel.tdata .rel.tdata.* .rel.gnu.linkonce.td.*)

.rela.tdata
 *(.rela.tdata .rela.tdata.* .rela.gnu.linkonce.td.*)

.rel.tbss
 *(.rel.tbss .rel.tbss.* .rel.gnu.linkonce.tb.*)

.rela.tbss
 *(.rela.tbss .rela.tbss.* .rela.gnu.linkonce.tb.*)

.rel.ctors
 *(.rel.ctors)

.rela.ctors
 *(.rela.ctors)

.rel.dtors
 *(.rel.dtors)

.rela.dtors
 *(.rela.dtors)

.rel.got
 *(.rel.got)

.rela.got
 *(.rela.got)

.rela.got1
 *(.rela.got1)

.rela.got2
 *(.rela.got2)

.rel.sdata
 *(.rel.sdata .rel.sdata.* .rel.gnu.linkonce.s.*)

.rela.sdata
 *(.rela.sdata .rela.sdata.* .rela.gnu.linkonce.s.*)

.rel.sbss
 *(.rel.sbss .rel.sbss.* .rel.gnu.linkonce.sb.*)

.rela.sbss
 *(.rela.sbss .rela.sbss.* .rel.gnu.linkonce.sb.*)

.rel.sdata2
 *(.rel.sdata2 .rel.sdata2.* .rel.gnu.linkonce.s2.*)

.rela.sdata2
 *(.rela.sdata2 .rela.sdata2.* .rela.gnu.linkonce.s2.*)

.rel.sbss2
 *(.rel.sbss2 .rel.sbss2.* .rel.gnu.linkonce.sb2.*)

.rela.sbss2
 *(.rela.sbss2 .rela.sbss2.* .rela.gnu.linkonce.sb2.*)

.rel.bss
 *(.rel.bss .rel.bss.* .rel.gnu.linkonce.b.*)

.rela.bss
 *(.rela.bss .rela.bss.* .rela.gnu.linkonce.b.*)

.rel.plt
 *(.rel.plt)

.rela.plt
 *(.rela.plt)

.text           0x80a001a0    0x49f40
 *(.text)
 .text          0x80a001a0      0x4f4 C:/devkitPro/libogc/lib/wii\libogc.a(cache_asm.o)
                0x80a001a0                DCFlashInvalidate
                0x80a001b4                DCEnable
                0x80a001c8                DCDisable
                0x80a001dc                DCFreeze
                0x80a001f0                DCUnfreeze
                0x80a00204                DCTouchLoad
                0x80a0020c                DCBlockZero
                0x80a00214                DCBlockStore
                0x80a0021c                DCBlockFlush
                0x80a00224                DCBlockInvalidate
                0x80a0022c                DCInvalidateRange
                0x80a0025c                DCFlushRange
                0x80a00290                DCStoreRange
                0x80a002c4                DCFlushRangeNoSync
                0x80a002f4                DCStoreRangeNoSync
                0x80a00324                DCZeroRange
                0x80a00354                DCTouchRange
                0x80a00384                ICInvalidateRange
                0x80a003bc                ICFlashInvalidate
                0x80a003d0                ICEnable
                0x80a003e4                ICDisable
                0x80a003f8                ICFreeze
                0x80a0040c                ICUnfreeze
                0x80a00420                ICBlockInvalidate
                0x80a00428                ICSync
                0x80a00430                L2Init
                0x80a00478                L2Enable
                0x80a00494                L2Disable
                0x80a004ac                L2GlobalInvalidate
                0x80a00504                __LCEnable
                0x80a005d0                LCDisable
                0x80a005f8                LCAllocOneTag
                0x80a0060c                LCAllocTags
                0x80a0064c                LCLoadBlocks
                0x80a00670                LCStoreBlocks
 *fill*         0x80a00694        0xc 00000000
 .text          0x80a006a0      0x44c C:/devkitPro/libogc/lib/wii\libogc.a(lwp_handler.o)
                0x80a006a0                _cpu_context_save_fp
                0x80a007e0                _cpu_context_restore_fp
                0x80a00920                _cpu_context_switch
                0x80a00a00                _cpu_context_save
                0x80a00a80                _cpu_context_restore
 .text          0x80a00aec      0x1ac C:/devkitPro/libogc/lib/wii\libogc.a(irq_handler.o)
                0x80a00aec                irq_exceptionhandler
 .text          0x80a00c98      0x4a0 C:/devkitPro/libogc/lib/wii\libogc.a(system_asm.o)
                0x80a00c98                __realmode
                0x80a00cb0                __configBATS
                0x80a00de0                __InitFPRS
                0x80a00f0c                __InitPS
                0x80a00f68                __InitCache
                0x80a00fc0                __InitSystem
                0x80a01048                __flush_cache
                0x80a0107c                __reset
                0x80a010ec                __InitBATS
                0x80a01108                SYS_SwitchFiber
 .text          0x80a01138      0x1ac C:/devkitPro/libogc/lib/wii\libogc.a(decrementer_handler.o)
                0x80a01138                dec_exceptionhandler
 .text          0x80a012e4      0x35c C:/devkitPro/libogc/lib/wii\libogc.a(exception_handler.o)
                0x80a012e4                exceptionhandler_start
                0x80a01360                exceptionhandler_patch
                0x80a01394                exceptionhandler_end
                0x80a01398                default_exceptionhandler
                0x80a014c8                fpu_exceptionhandler
                0x80a01610                systemcallhandler_start
                0x80a0163c                systemcallhandler_end
 .text          0x80a01640       0x48 C:/devkitPro/devkitPPC/bin/../lib/gcc/powerpc-eabi/13.2.0\libgcc.a(eabi.o)
                0x80a01640                __eabi
 .text          0x80a01688       0x58 C:/devkitPro/devkitPPC/bin/../lib/gcc/powerpc-eabi/13.2.0\libgcc.a(crtresxgpr.o)
                0x80a01688                _restgpr_14_x
                0x80a0168c                _restgpr_15_x
                0x80a01690                _restgpr_16_x
                0x80a01694                _restgpr_17_x
                0x80a01698                _restgpr_18_x
                0x80a0169c                _restgpr_19_x
                0x80a016a0                _restgpr_20_x
                0x80a016a4                _restgpr_21_x
                0x80a016a8                _restgpr_22_x
                0x80a016ac                _restgpr_23_x
                0x80a016b0                _restgpr_24_x
                0x80a016b4                _restgpr_25_x
                0x80a016b8                _restgpr_26_x
                0x80a016bc                _restgpr_27_x
                0x80a016c0                _restgpr_28_x
                0x80a016c4                _restgpr_29_x
                0x80a016c8                _restgpr_30_x
                0x80a016cc                _restgpr_31_x
 .text          0x80a016e0       0x58 C:/devkitPro/devkitPPC/bin/../lib/gcc/powerpc-eabi/13.2.0\libgcc.a(crtresxfpr.o)
                0x80a016e0                _restfpr_14_x
                0x80a016e4                _restfpr_15_x
                0x80a016e8                _restfpr_16_x
                0x80a016ec                _restfpr_17_x
                0x80a016f0                _restfpr_18_x
                0x80a016f4                _restfpr_19_x
                0x80a016f8                _restfpr_20_x
                0x80a016fc                _restfpr_21_x
                0x80a01700                _restfpr_22_x
                0x80a01704                _restfpr_23_x
                0x80a01708                _restfpr_24_x
                0x80a0170c                _restfpr_25_x
                0x80a01710                _restfpr_26_x
                0x80a01714                _restfpr_27_x
                0x80a01718                _restfpr_28_x
                0x80a0171c                _restfpr_29_x
                0x80a01720                _restfpr_30_x
                0x80a01724                _restfpr_31_x
 *(.text.*)
 .text.__do_global_dtors_aux
                0x80a01738       0xcc C:/devkitPro/devkitPPC/bin/../lib/gcc/powerpc-eabi/13.2.0/crtbegin.o
 .text.frame_dummy
                0x80a01804       0x24 C:/devkitPro/devkitPPC/bin/../lib/gcc/powerpc-eabi/13.2.0/crtbegin.o
 .text.__crtmain
                0x80a01828       0x44 C:/devkitPro/devkitPPC/bin/../lib/gcc/powerpc-eabi/13.2.0/../../../../powerpc-eabi/lib/crtmain.o
                0x80a0182c                __crtmain
 .text.Main_PrintSize
                0x80a0186c       0xe4 build/src/main.c.o
 .text.Event_Wait.isra.0
                0x80a01950       0x5c build/src/main.c.o
 .text.startup.main
                0x80a019ac      0x440 build/src/main.c.o
                0x80a019ac                main
 .text.Apploader_Report
                0x80a01dec        0x4 build/src/apploader/apploader.c.o
                0x80a01dec                Apploader_Report
 .text.Aploader_Main
                0x80a01df0      0x428 build/src/apploader/apploader.c.o
 .text.Apploader_Init
                0x80a02218       0x74 build/src/apploader/apploader.c.o
                0x80a02218                Apploader_Init
 .text.Apploader_RunBackground
                0x80a0228c       0x70 build/src/apploader/apploader.c.o
                0x80a0228c                Apploader_RunBackground
 .text.DI_Init  0x80a022fc       0x58 build/src/di/di.c.o
                0x80a022fc                DI_Init
 .text.DI_Read  0x80a02354       0x98 build/src/di/di.c.o
                0x80a02354                DI_Read
 .text.DI_DiscWait
                0x80a023ec       0x88 build/src/di/di.c.o
                0x80a023ec                DI_DiscWait
 .text.DI_DiscInserted
                0x80a02474       0xbc build/src/di/di.c.o
                0x80a02474                DI_DiscInserted
 .text.DI_Reset
                0x80a02530      0x1b8 build/src/di/di.c.o
                0x80a02530                DI_Reset
 .text.DI_PartitionOpen
                0x80a026e8       0xd0 build/src/di/di.c.o
                0x80a026e8                DI_PartitionOpen
 .text.DI_ReadUnencrypted
                0x80a027b8       0x98 build/src/di/di.c.o
                0x80a027b8                DI_ReadUnencrypted
 .text.elf_begin
                0x80a02850       0xbc build/src/libelf/elf_begin.c.o
                0x80a02850                elf_begin
 .text.elf_end  0x80a0290c      0x11c build/src/libelf/elf_end.c.o
                0x80a0290c                elf_end
 .text.elf_getdata
                0x80a02a28      0x3c8 build/src/libelf/elf_data.c.o
                0x80a02a28                elf_getdata
 .text.elf_getident
                0x80a02df0       0x8c build/src/libelf/elf_getident.c.o
                0x80a02df0                elf_getident
 .text.elf_kind
                0x80a02e7c       0x30 build/src/libelf/elf_kind.c.o
                0x80a02e7c                elf_kind
 .text.elf_memory
                0x80a02eac       0x4c build/src/libelf/elf_memory.c.o
                0x80a02eac                elf_memory
 .text.elf_getshdrnum
                0x80a02ef8       0x9c build/src/libelf/elf_shnum.c.o
                0x80a02ef8                elf_getshdrnum
 .text.elf_getshdrstrndx
                0x80a02f94       0x9c build/src/libelf/elf_shstrndx.c.o
                0x80a02f94                elf_getshdrstrndx
 .text._libelf_load_section_headers
                0x80a03030      0x28c build/src/libelf/elf_scn.c.o
                0x80a03030                _libelf_load_section_headers
 .text.elf_getscn
                0x80a032bc       0xf0 build/src/libelf/elf_scn.c.o
                0x80a032bc                elf_getscn
 .text.elf_ndxscn
                0x80a033ac       0x24 build/src/libelf/elf_scn.c.o
                0x80a033ac                elf_ndxscn
 .text.elf_nextscn
                0x80a033d0       0x4c build/src/libelf/elf_scn.c.o
                0x80a033d0                elf_nextscn
 .text.elf_strptr
                0x80a0341c      0x228 build/src/libelf/elf_strptr.c.o
                0x80a0341c                elf_strptr
 .text.elf_version
                0x80a03644       0x44 build/src/libelf/elf_version.c.o
                0x80a03644                elf_version
 .text.elf32_getehdr
                0x80a03688        0xc build/src/libelf/gelf_ehdr.c.o
                0x80a03688                elf32_getehdr
 .text.elf32_fsize
                0x80a03694        0xc build/src/libelf/gelf_fsize.c.o
                0x80a03694                elf32_fsize
 .text.elf64_fsize
                0x80a036a0        0xc build/src/libelf/gelf_fsize.c.o
                0x80a036a0                elf64_fsize
 .text.elf32_getshdr
                0x80a036ac        0x8 build/src/libelf/gelf_shdr.c.o
                0x80a036ac                elf32_getshdr
 .text.gelf_getshdr
                0x80a036b4      0x100 build/src/libelf/gelf_shdr.c.o
                0x80a036b4                gelf_getshdr
 .text._libelf_allocate_elf
                0x80a037b4       0xa8 build/src/libelf/libelf_allocate.c.o
                0x80a037b4                _libelf_allocate_elf
 .text._libelf_init_elf
                0x80a0385c       0x20 build/src/libelf/libelf_allocate.c.o
                0x80a0385c                _libelf_init_elf
 .text._libelf_release_elf
                0x80a0387c       0xfc build/src/libelf/libelf_allocate.c.o
                0x80a0387c                _libelf_release_elf
 .text._libelf_allocate_data
                0x80a03978       0x50 build/src/libelf/libelf_allocate.c.o
                0x80a03978                _libelf_allocate_data
 .text._libelf_release_data
                0x80a039c8       0x68 build/src/libelf/libelf_allocate.c.o
                0x80a039c8                _libelf_release_data
 .text._libelf_allocate_scn
                0x80a03a30       0xa8 build/src/libelf/libelf_allocate.c.o
                0x80a03a30                _libelf_allocate_scn
 .text._libelf_release_scn
                0x80a03ad8      0x22c build/src/libelf/libelf_allocate.c.o
                0x80a03ad8                _libelf_release_scn
 .text._libelf_ar_open_member
                0x80a03d04      0x150 build/src/libelf/libelf_ar.c.o
                0x80a03d04                _libelf_ar_open_member
 .text._libelf_ar_get_number
                0x80a03e54      0x110 build/src/libelf/libelf_ar_util.c.o
                0x80a03e54                _libelf_ar_get_number
 .text._libelf_ar_open
                0x80a03f64      0x310 build/src/libelf/libelf_ar_util.c.o
                0x80a03f64                _libelf_ar_open
 .text._libelf_cvt_CAP32_tof
                0x80a04274       0x88 build/src/libelf/libelf_convert.c.o
 .text._libelf_cvt_CAP64_tof
                0x80a042fc      0x128 build/src/libelf/libelf_convert.c.o
 .text._libelf_cvt_DYN32_tof
                0x80a04424       0x88 build/src/libelf/libelf_convert.c.o
 .text._libelf_cvt_DYN64_tof
                0x80a044ac      0x178 build/src/libelf/libelf_convert.c.o
 .text._libelf_cvt_EHDR32_tof
                0x80a04624      0x300 build/src/libelf/libelf_convert.c.o
 .text._libelf_cvt_EHDR64_tof
                0x80a04924      0x384 build/src/libelf/libelf_convert.c.o
 .text._libelf_cvt_MOVE32_tof
                0x80a04ca8      0x18c build/src/libelf/libelf_convert.c.o
 .text._libelf_cvt_MOVE64_tof
                0x80a04e34      0x204 build/src/libelf/libelf_convert.c.o
 .text._libelf_cvt_PHDR32_tof
                0x80a05038      0x248 build/src/libelf/libelf_convert.c.o
 .text._libelf_cvt_PHDR64_tof
                0x80a05280      0x37c build/src/libelf/libelf_convert.c.o
 .text._libelf_cvt_REL32_tof
                0x80a055fc       0x88 build/src/libelf/libelf_convert.c.o
 .text._libelf_cvt_REL64_tof
                0x80a05684      0x128 build/src/libelf/libelf_convert.c.o
 .text._libelf_cvt_RELA32_tof
                0x80a057ac       0xe0 build/src/libelf/libelf_convert.c.o
 .text._libelf_cvt_RELA64_tof
                0x80a0588c      0x210 build/src/libelf/libelf_convert.c.o
 .text._libelf_cvt_SHDR32_tof
                0x80a05a9c      0x2a0 build/src/libelf/libelf_convert.c.o
 .text._libelf_cvt_SHDR64_tof
                0x80a05d3c      0x3c4 build/src/libelf/libelf_convert.c.o
 .text._libelf_cvt_SYMINFO32_tof
                0x80a06100       0x68 build/src/libelf/libelf_convert.c.o
 .text._libelf_cvt_SYMINFO64_tof
                0x80a06168       0x68 build/src/libelf/libelf_convert.c.o
 .text._libelf_cvt_SYM32_tof
                0x80a061d0      0x130 build/src/libelf/libelf_convert.c.o
 .text._libelf_cvt_SYM64_tof
                0x80a06300      0x1c0 build/src/libelf/libelf_convert.c.o
 .text._libelf_cvt_VDEF32_tof
                0x80a064c0      0x1e8 build/src/libelf/libelf_convert.c.o
 .text._libelf_cvt_VDEF32_tom
                0x80a066a8      0x2e0 build/src/libelf/libelf_convert.c.o
 .text._libelf_cvt_VDEF64_tof
                0x80a06988      0x1e8 build/src/libelf/libelf_convert.c.o
 .text._libelf_cvt_VDEF64_tom
                0x80a06b70      0x2e0 build/src/libelf/libelf_convert.c.o
 .text._libelf_cvt_VNEED32_tof
                0x80a06e50      0x214 build/src/libelf/libelf_convert.c.o
 .text._libelf_cvt_VNEED32_tom
                0x80a07064      0x1fc build/src/libelf/libelf_convert.c.o
 .text._libelf_cvt_VNEED64_tof
                0x80a07260      0x214 build/src/libelf/libelf_convert.c.o
 .text._libelf_cvt_VNEED64_tom
                0x80a07474      0x1fc build/src/libelf/libelf_convert.c.o
 .text._libelf_cvt_GNUHASH64_tom
                0x80a07670      0x27c build/src/libelf/libelf_convert.c.o
 .text._libelf_cvt_GNUHASH64_tof
                0x80a078ec      0x240 build/src/libelf/libelf_convert.c.o
 .text._libelf_cvt_SXWORD_tom
                0x80a07b2c       0xe4 build/src/libelf/libelf_convert.c.o
 .text._libelf_cvt_SWORD_tom
                0x80a07c10       0x94 build/src/libelf/libelf_convert.c.o
 .text._libelf_cvt_NOTE_tom
                0x80a07ca4      0x150 build/src/libelf/libelf_convert.c.o
 .text._libelf_cvt_HALF_tom
                0x80a07df4       0x7c build/src/libelf/libelf_convert.c.o
 .text._libelf_cvt_ADDR64_tom
                0x80a07e70       0xe4 build/src/libelf/libelf_convert.c.o
 .text._libelf_cvt_LWORD_tom
                0x80a07f54        0x4 build/src/libelf/libelf_convert.c.o
 .text._libelf_cvt_OFF64_tom
                0x80a07f58        0x4 build/src/libelf/libelf_convert.c.o
 .text._libelf_cvt_XWORD_tom
                0x80a07f5c        0x4 build/src/libelf/libelf_convert.c.o
 .text._libelf_cvt_ADDR32_tom
                0x80a07f60       0x94 build/src/libelf/libelf_convert.c.o
 .text._libelf_cvt_OFF32_tom
                0x80a07ff4        0x4 build/src/libelf/libelf_convert.c.o
 .text._libelf_cvt_GNUHASH32_tom
                0x80a07ff8        0x8 build/src/libelf/libelf_convert.c.o
 .text._libelf_cvt_WORD_tom
                0x80a08000        0x4 build/src/libelf/libelf_convert.c.o
 .text._libelf_cvt_SYM64_tom
                0x80a08004      0x240 build/src/libelf/libelf_convert.c.o
 .text._libelf_cvt_SYMINFO64_tom
                0x80a08244      0x118 build/src/libelf/libelf_convert.c.o
 .text._libelf_cvt_SHDR64_tom
                0x80a0835c      0x4e4 build/src/libelf/libelf_convert.c.o
 .text._libelf_cvt_RELA64_tom
                0x80a08840      0x254 build/src/libelf/libelf_convert.c.o
 .text._libelf_cvt_REL64_tom
                0x80a08a94      0x1c0 build/src/libelf/libelf_convert.c.o
 .text._libelf_cvt_PHDR64_tom
                0x80a08c54      0x468 build/src/libelf/libelf_convert.c.o
 .text._libelf_cvt_MOVE64_tom
                0x80a090bc      0x2ac build/src/libelf/libelf_convert.c.o
 .text._libelf_cvt_EHDR64_tom
                0x80a09368      0x484 build/src/libelf/libelf_convert.c.o
 .text._libelf_cvt_DYN64_tom
                0x80a097ec      0x1c0 build/src/libelf/libelf_convert.c.o
 .text._libelf_cvt_CAP64_tom
                0x80a099ac      0x1c0 build/src/libelf/libelf_convert.c.o
 .text._libelf_cvt_SYM32_tom
                0x80a09b6c      0x1c8 build/src/libelf/libelf_convert.c.o
 .text._libelf_cvt_SYMINFO32_tom
                0x80a09d34      0x118 build/src/libelf/libelf_convert.c.o
 .text._libelf_cvt_SHDR32_tom
                0x80a09e4c      0x38c build/src/libelf/libelf_convert.c.o
 .text._libelf_cvt_RELA32_tom
                0x80a0a1d8      0x198 build/src/libelf/libelf_convert.c.o
 .text._libelf_cvt_REL32_tom
                0x80a0a370      0x158 build/src/libelf/libelf_convert.c.o
 .text._libelf_cvt_PHDR32_tom
                0x80a0a4c8      0x2e0 build/src/libelf/libelf_convert.c.o
 .text._libelf_cvt_MOVE32_tom
                0x80a0a7a8      0x210 build/src/libelf/libelf_convert.c.o
 .text._libelf_cvt_EHDR32_tom
                0x80a0a9b8      0x3c0 build/src/libelf/libelf_convert.c.o
 .text._libelf_cvt_DYN32_tom
                0x80a0ad78      0x158 build/src/libelf/libelf_convert.c.o
 .text._libelf_cvt_CAP32_tom
                0x80a0aed0      0x158 build/src/libelf/libelf_convert.c.o
 .text._libelf_cvt_ADDR64_tof
                0x80a0b028       0xa0 build/src/libelf/libelf_convert.c.o
 .text._libelf_cvt_LWORD_tof
                0x80a0b0c8        0x4 build/src/libelf/libelf_convert.c.o
 .text._libelf_cvt_OFF64_tof
                0x80a0b0cc        0x4 build/src/libelf/libelf_convert.c.o
 .text._libelf_cvt_XWORD_tof
                0x80a0b0d0        0x4 build/src/libelf/libelf_convert.c.o
 .text._libelf_cvt_ADDR32_tof
                0x80a0b0d4       0x7c build/src/libelf/libelf_convert.c.o
 .text._libelf_cvt_OFF32_tof
                0x80a0b150        0x4 build/src/libelf/libelf_convert.c.o
 .text._libelf_cvt_GNUHASH32_tof
                0x80a0b154        0x8 build/src/libelf/libelf_convert.c.o
 .text._libelf_cvt_WORD_tof
                0x80a0b15c        0x4 build/src/libelf/libelf_convert.c.o
 .text._libelf_cvt_SXWORD_tof
                0x80a0b160       0xc4 build/src/libelf/libelf_convert.c.o
 .text._libelf_cvt_SWORD_tof
                0x80a0b224       0x7c build/src/libelf/libelf_convert.c.o
 .text._libelf_cvt_NOTE_tof
                0x80a0b2a0      0x108 build/src/libelf/libelf_convert.c.o
 .text._libelf_cvt_HALF_tof
                0x80a0b3a8       0xbc build/src/libelf/libelf_convert.c.o
 .text._libelf_cvt_BYTE_tox
                0x80a0b464       0x4c build/src/libelf/libelf_convert.c.o
 .text._libelf_get_translator
                0x80a0b4b0       0x78 build/src/libelf/libelf_convert.c.o
                0x80a0b4b0                _libelf_get_translator
 .text._libelf_xlate_shtype
                0x80a0b528       0xd4 build/src/libelf/libelf_data.c.o
                0x80a0b528                _libelf_xlate_shtype
 .text._libelf_ehdr
                0x80a0b5fc      0x450 build/src/libelf/libelf_ehdr.c.o
                0x80a0b5fc                _libelf_ehdr
 .text._libelf_fsize
                0x80a0ba4c       0x7c build/src/libelf/libelf_fsize.c.o
                0x80a0ba4c                _libelf_fsize
 .text._libelf_memory
                0x80a0bac8      0x174 build/src/libelf/libelf_memory.c.o
                0x80a0bac8                _libelf_memory
 .text._libelf_msize
                0x80a0bc3c       0x44 build/src/libelf/libelf_msize.c.o
                0x80a0bc3c                _libelf_msize
 .text._libelf_open_object
                0x80a0bc80      0x33c build/src/libelf/libelf_open.c.o
                0x80a0bc80                _libelf_open_object
 .text._libelf_getshdr
                0x80a0bfbc       0x58 build/src/libelf/libelf_shdr.c.o
                0x80a0bfbc                _libelf_getshdr
 .text.FSM_Merge
                0x80a0c014      0x3cc build/src/search/fsm.c.o
                0x80a0c014                FSM_Merge
 .text.FSM_Free
                0x80a0c3e0      0x18c build/src/search/fsm.c.o
                0x80a0c3e0                FSM_Free
 .text.FSM_Create
                0x80a0c56c      0x718 build/src/search/fsm.c.o
                0x80a0c56c                FSM_Create
 .text.FSM_Run  0x80a0cc84       0xfc build/src/search/fsm.c.o
                0x80a0cc84                FSM_Run
 .text.Search_SymbolMatch
                0x80a0cd80      0x190 build/src/search/search.c.o
 .text.Search_ModuleSymbolCompare
                0x80a0cf10        0xc build/src/search/search.c.o
 .text.Search_CheckDirectory
                0x80a0cf1c      0x260 build/src/search/search.c.o
 .text.Search_SymbolsLoad
                0x80a0d17c       0x7c build/src/search/search.c.o
 .text.Search_Main
                0x80a0d1f8      0x27c build/src/search/search.c.o
 .text.Search_Init
                0x80a0d474       0x3c build/src/search/search.c.o
                0x80a0d474                Search_Init
 .text.Search_RunBackground
                0x80a0d4b0       0x70 build/src/search/search.c.o
                0x80a0d4b0                Search_RunBackground
 .text.Search_SymbolAdd
                0x80a0d520       0xe4 build/src/search/search.c.o
                0x80a0d520                Search_SymbolAdd
 .text.Search_SymbolReplace
                0x80a0d604      0x124 build/src/search/search.c.o
                0x80a0d604                Search_SymbolReplace
 .text.Search_SymbolLookup
                0x80a0d728      0x1fc build/src/search/search.c.o
                0x80a0d728                Search_SymbolLookup
 .text.Symbol_CompareSize
                0x80a0d924       0x10 build/src/search/symbol.c.o
 .text.Symbol_CompareName
                0x80a0d934       0x30 build/src/search/symbol.c.o
 .text.Symbol_GetSymbol
                0x80a0d964       0x10 build/src/search/symbol.c.o
                0x80a0d964                Symbol_GetSymbol
 .text.Symbol_ParseFile
                0x80a0d974      0x9bc build/src/search/symbol.c.o
                0x80a0d974                Symbol_ParseFile
 .text.Symbol_GetSymbolSize
                0x80a0e330      0x120 build/src/search/symbol.c.o
                0x80a0e330                Symbol_GetSymbolSize
 .text.Symbol_SearchSymbol
                0x80a0e450      0x190 build/src/search/symbol.c.o
                0x80a0e450                Symbol_SearchSymbol
 .text.Symbol_GetSymbolAlphabetical
                0x80a0e5e0       0x20 build/src/search/symbol.c.o
                0x80a0e5e0                Symbol_GetSymbolAlphabetical
 .text.Module_ElfLinkOne
                0x80a0e600      0x1b4 build/src/modules/module.c.o
 .text.Module_ListAllocate
                0x80a0e7b4      0x124 build/src/modules/module.c.o
 .text.Module_ElfLink
                0x80a0e8d8      0x444 build/src/modules/module.c.o
 .text.Module_ElfLoadSection.isra.0
                0x80a0ed1c       0xd8 build/src/modules/module.c.o
 .text.Module_LoadElfSymtab.constprop.0
                0x80a0edf4      0x1c0 build/src/modules/module.c.o
 .text.Module_CheckDirectory
                0x80a0efb4      0xe0c build/src/modules/module.c.o
 .text.Module_ListLoad
                0x80a0fdc0       0x8c build/src/modules/module.c.o
 .text.Module_Main
                0x80a0fe4c      0x9e8 build/src/modules/module.c.o
 .text.Module_Init
                0x80a10834       0x74 build/src/modules/module.c.o
                0x80a10834                Module_Init
 .text.Module_RunBackground
                0x80a108a8       0x70 build/src/modules/module.c.o
                0x80a108a8                Module_RunBackground
 .text.__console_clear_line
                0x80a10918       0xb4 C:/devkitPro/libogc/lib/wii\libogc.a(console.o)
 .text.__console_clear
                0x80a109cc       0xbc C:/devkitPro/libogc/lib/wii\libogc.a(console.o)
 .text.__console_write
                0x80a10a88      0x820 C:/devkitPro/libogc/lib/wii\libogc.a(console.o)
                0x80a10a88                __console_write
 .text.__console_init
                0x80a112a8      0x120 C:/devkitPro/libogc/lib/wii\libogc.a(console.o)
                0x80a112a8                __console_init
 .text.CON_Init
                0x80a113c8        0x4 C:/devkitPro/libogc/lib/wii\libogc.a(console.o)
                0x80a113c8                CON_Init
 .text.CON_EnableGecko
                0x80a113cc      0x100 C:/devkitPro/libogc/lib/wii\libogc.a(console.o)
                0x80a113cc                CON_EnableGecko
 .text.idle_func
                0x80a114cc        0x4 C:/devkitPro/libogc/lib/wii\libogc.a(lwp.o)
 .text.__lwp_sysinit
                0x80a114d0      0x114 C:/devkitPro/libogc/lib/wii\libogc.a(lwp.o)
                0x80a114d0                __lwp_sysinit
 .text.LWP_CreateThread
                0x80a115e4      0x1b0 C:/devkitPro/libogc/lib/wii\libogc.a(lwp.o)
                0x80a115e4                LWP_CreateThread
 .text.LWP_GetSelf
                0x80a11794       0x28 C:/devkitPro/libogc/lib/wii\libogc.a(lwp.o)
                0x80a11794                LWP_GetSelf
 .text.LWP_SetThreadPriority
                0x80a117bc       0xbc C:/devkitPro/libogc/lib/wii\libogc.a(lwp.o)
                0x80a117bc                LWP_SetThreadPriority
 .text.LWP_InitQueue
                0x80a11878      0x140 C:/devkitPro/libogc/lib/wii\libogc.a(lwp.o)
                0x80a11878                LWP_InitQueue
 .text.LWP_CloseQueue
                0x80a119b8       0xd4 C:/devkitPro/libogc/lib/wii\libogc.a(lwp.o)
                0x80a119b8                LWP_CloseQueue
 .text.LWP_ThreadSleep
                0x80a11a8c       0xf8 C:/devkitPro/libogc/lib/wii\libogc.a(lwp.o)
                0x80a11a8c                LWP_ThreadSleep
 .text.LWP_ThreadBroadcast
                0x80a11b84       0x88 C:/devkitPro/libogc/lib/wii\libogc.a(lwp.o)
                0x80a11b84                LWP_ThreadBroadcast
 .text.LWP_ThreadSignal
                0x80a11c0c       0x74 C:/devkitPro/libogc/lib/wii\libogc.a(lwp.o)
                0x80a11c0c                LWP_ThreadSignal
 .text.__lwp_objmgr_initinfo
                0x80a11c80      0x1a0 C:/devkitPro/libogc/lib/wii\libogc.a(lwp_objmgr.o)
                0x80a11c80                __lwp_objmgr_initinfo
 .text.__lwp_objmgr_getisrdisable
                0x80a11e20       0x60 C:/devkitPro/libogc/lib/wii\libogc.a(lwp_objmgr.o)
                0x80a11e20                __lwp_objmgr_getisrdisable
 .text.__lwp_objmgr_getnoprotection
                0x80a11e80       0x24 C:/devkitPro/libogc/lib/wii\libogc.a(lwp_objmgr.o)
                0x80a11e80                __lwp_objmgr_getnoprotection
 .text.__lwp_objmgr_get
                0x80a11ea4       0x6c C:/devkitPro/libogc/lib/wii\libogc.a(lwp_objmgr.o)
                0x80a11ea4                __lwp_objmgr_get
 .text.__lwp_objmgr_allocate
                0x80a11f10       0x88 C:/devkitPro/libogc/lib/wii\libogc.a(lwp_objmgr.o)
                0x80a11f10                __lwp_objmgr_allocate
 .text.__lwp_objmgr_free
                0x80a11f98       0x60 C:/devkitPro/libogc/lib/wii\libogc.a(lwp_objmgr.o)
                0x80a11f98                __lwp_objmgr_free
 .text.__lwp_heap_init
                0x80a11ff8       0xa4 C:/devkitPro/libogc/lib/wii\libogc.a(lwp_heap.o)
                0x80a11ff8                __lwp_heap_init
 .text.__lwp_heap_allocate
                0x80a1209c      0x160 C:/devkitPro/libogc/lib/wii\libogc.a(lwp_heap.o)
                0x80a1209c                __lwp_heap_allocate
 .text.__lwp_heap_free
                0x80a121fc      0x188 C:/devkitPro/libogc/lib/wii\libogc.a(lwp_heap.o)
                0x80a121fc                __lwp_heap_free
 .text.__lwp_sema_init
                0x80a12384       0x14 C:/devkitPro/libogc/lib/wii\libogc.a(semaphore.o)
                0x80a12384                __lwp_sema_init
 .text.LWP_SemInit
                0x80a12398      0x154 C:/devkitPro/libogc/lib/wii\libogc.a(semaphore.o)
                0x80a12398                LWP_SemInit
 .text.LWP_SemWait
                0x80a124ec       0xd8 C:/devkitPro/libogc/lib/wii\libogc.a(semaphore.o)
                0x80a124ec                LWP_SemWait
 .text.LWP_SemPost
                0x80a125c4       0x90 C:/devkitPro/libogc/lib/wii\libogc.a(semaphore.o)
                0x80a125c4                LWP_SemPost
 .text.__VISendI2CData.constprop.0.isra.0
                0x80a12654      0x450 C:/devkitPro/libogc/lib/wii\libogc.a(video.o)
 .text.__setFbbRegs.constprop.0
                0x80a12aa4      0x190 C:/devkitPro/libogc/lib/wii\libogc.a(video.o)
 .text.__VISetYUVSEL
                0x80a12c34       0xb8 C:/devkitPro/libogc/lib/wii\libogc.a(video.o)
 .text.VIDEO_Configure
                0x80a12cec      0x5ec C:/devkitPro/libogc/lib/wii\libogc.a(video.o)
                0x80a12cec                VIDEO_Configure
 .text.VIDEO_WaitVSync
                0x80a132d8       0x74 C:/devkitPro/libogc/lib/wii\libogc.a(video.o)
                0x80a132d8                VIDEO_WaitVSync
 .text.VIDEO_SetFramebuffer
                0x80a1334c      0x108 C:/devkitPro/libogc/lib/wii\libogc.a(video.o)
                0x80a1334c                VIDEO_SetFramebuffer
 .text.VIDEO_SetNextFramebuffer
                0x80a13454       0x70 C:/devkitPro/libogc/lib/wii\libogc.a(video.o)
                0x80a13454                VIDEO_SetNextFramebuffer
 .text.VIDEO_Flush
                0x80a134c4       0xf4 C:/devkitPro/libogc/lib/wii\libogc.a(video.o)
                0x80a134c4                VIDEO_Flush
 .text.VIDEO_SetBlack
                0x80a135b8      0x15c C:/devkitPro/libogc/lib/wii\libogc.a(video.o)
                0x80a135b8                VIDEO_SetBlack
 .text.VIDEO_GetCurrentTvMode
                0x80a13714       0x78 C:/devkitPro/libogc/lib/wii\libogc.a(video.o)
                0x80a13714                VIDEO_GetCurrentTvMode
 .text.__VIRetraceHandler
                0x80a1378c      0x298 C:/devkitPro/libogc/lib/wii\libogc.a(video.o)
 .text.__VISetupEncoder
                0x80a13a24      0x2cc C:/devkitPro/libogc/lib/wii\libogc.a(video.o)
 .text.VIDEO_Init
                0x80a13cf0      0x4e4 C:/devkitPro/libogc/lib/wii\libogc.a(video.o)
                0x80a13cf0                VIDEO_Init
 .text.VIDEO_GetPreferredMode
                0x80a141d4      0x108 C:/devkitPro/libogc/lib/wii\libogc.a(video.o)
                0x80a141d4                VIDEO_GetPreferredMode
 .text.VIDEO_GetCurrentLine
                0x80a142dc       0x9c C:/devkitPro/libogc/lib/wii\libogc.a(video.o)
                0x80a142dc                VIDEO_GetCurrentLine
 .text.VIDEO_GetFrameBufferSize
                0x80a14378       0x34 C:/devkitPro/libogc/lib/wii\libogc.a(video.o)
                0x80a14378                VIDEO_GetFrameBufferSize
 .text.__call_resetfuncs
                0x80a143ac       0xbc C:/devkitPro/libogc/lib/wii\libogc.a(system.o)
 .text.__MEMInterruptHandler
                0x80a14468       0x14 C:/devkitPro/libogc/lib/wii\libogc.a(system.o)
 .text.__RSWDefaultHandler
                0x80a1447c        0x4 C:/devkitPro/libogc/lib/wii\libogc.a(system.o)
 .text.__POWDefaultHandler
                0x80a14480        0x4 C:/devkitPro/libogc/lib/wii\libogc.a(system.o)
 .text.__STMEventHandler
                0x80a14484      0x104 C:/devkitPro/libogc/lib/wii\libogc.a(system.o)
 .text.__getrtc
                0x80a14588      0x13c C:/devkitPro/libogc/lib/wii\libogc.a(system.o)
 .text.__sram_write
                0x80a146c4      0x130 C:/devkitPro/libogc/lib/wii\libogc.a(system.o)
 .text.__sram_writecallback
                0x80a147f4       0x54 C:/devkitPro/libogc/lib/wii\libogc.a(system.o)
 .text.__mem_onreset
                0x80a14848       0x48 C:/devkitPro/libogc/lib/wii\libogc.a(system.o)
 .text.__unlocksram
                0x80a14890      0x174 C:/devkitPro/libogc/lib/wii\libogc.a(system.o)
 .text.__sys_alarmhandler
                0x80a14a04      0x154 C:/devkitPro/libogc/lib/wii\libogc.a(system.o)
 .text.__syscall_malloc_lock
                0x80a14b58        0x4 C:/devkitPro/libogc/lib/wii\libogc.a(system.o)
                0x80a14b58                __syscall_malloc_lock
 .text.__syscall_malloc_unlock
                0x80a14b5c        0x4 C:/devkitPro/libogc/lib/wii\libogc.a(system.o)
                0x80a14b5c                __syscall_malloc_unlock
 .text.__syscall_gettod_r
                0x80a14b60        0x4 C:/devkitPro/libogc/lib/wii\libogc.a(system.o)
                0x80a14b60                __syscall_gettod_r
 .text.__syscall_nanosleep
                0x80a14b64        0x4 C:/devkitPro/libogc/lib/wii\libogc.a(system.o)
                0x80a14b64                __syscall_nanosleep
 .text.__SYS_GetRTC
                0x80a14b68       0xa0 C:/devkitPro/libogc/lib/wii\libogc.a(system.o)
                0x80a14b68                __SYS_GetRTC
 .text.__SYS_SetBootTime
                0x80a14c08      0x108 C:/devkitPro/libogc/lib/wii\libogc.a(system.o)
                0x80a14c08                __SYS_SetBootTime
 .text.__SYS_GetIPCBufferLo
                0x80a14d10        0x8 C:/devkitPro/libogc/lib/wii\libogc.a(system.o)
                0x80a14d10                __SYS_GetIPCBufferLo
 .text.__SYS_GetIPCBufferHi
                0x80a14d18        0x8 C:/devkitPro/libogc/lib/wii\libogc.a(system.o)
                0x80a14d18                __SYS_GetIPCBufferHi
 .text.__SYS_PreInit
                0x80a14d20        0x4 C:/devkitPro/libogc/lib/wii\libogc.a(system.o)
                0x80a14d20                __SYS_PreInit
 .text.SYS_PreMain
                0x80a14d24       0x7c C:/devkitPro/libogc/lib/wii\libogc.a(system.o)
                0x80a14d24                SYS_PreMain
 .text.SYS_ResetButtonDown
                0x80a14da0       0x18 C:/devkitPro/libogc/lib/wii\libogc.a(system.o)
                0x80a14da0                SYS_ResetButtonDown
 .text.SYS_ResetSystem
                0x80a14db8      0x210 C:/devkitPro/libogc/lib/wii\libogc.a(system.o)
                0x80a14db8                SYS_ResetSystem
 .text.__reload
                0x80a14fc8       0x80 C:/devkitPro/libogc/lib/wii\libogc.a(system.o)
                0x80a14fc8                __reload
 .text.__syscall_exit
                0x80a15048       0x88 C:/devkitPro/libogc/lib/wii\libogc.a(system.o)
                0x80a15048                __syscall_exit
 .text.SYS_RegisterResetFunc
                0x80a150d0       0x78 C:/devkitPro/libogc/lib/wii\libogc.a(system.o)
                0x80a150d0                SYS_RegisterResetFunc
 .text.SYS_SetArena1Lo
                0x80a15148       0x38 C:/devkitPro/libogc/lib/wii\libogc.a(system.o)
                0x80a15148                SYS_SetArena1Lo
 .text.SYS_GetArena1Lo
                0x80a15180       0x38 C:/devkitPro/libogc/lib/wii\libogc.a(system.o)
                0x80a15180                SYS_GetArena1Lo
 .text.SYS_SetArena1Hi
                0x80a151b8       0x38 C:/devkitPro/libogc/lib/wii\libogc.a(system.o)
                0x80a151b8                SYS_SetArena1Hi
 .text.SYS_GetArena1Hi
                0x80a151f0       0x38 C:/devkitPro/libogc/lib/wii\libogc.a(system.o)
                0x80a151f0                SYS_GetArena1Hi
 .text.SYS_SetArena2Lo
                0x80a15228       0x38 C:/devkitPro/libogc/lib/wii\libogc.a(system.o)
                0x80a15228                SYS_SetArena2Lo
 .text.SYS_GetArena2Lo
                0x80a15260       0x38 C:/devkitPro/libogc/lib/wii\libogc.a(system.o)
                0x80a15260                SYS_GetArena2Lo
 .text.SYS_GetArena2Hi
                0x80a15298       0x38 C:/devkitPro/libogc/lib/wii\libogc.a(system.o)
                0x80a15298                SYS_GetArena2Hi
 .text.SYS_AllocateFramebuffer
                0x80a152d0       0x28 C:/devkitPro/libogc/lib/wii\libogc.a(system.o)
                0x80a152d0                SYS_AllocateFramebuffer
 .text.SYS_CreateAlarm
                0x80a152f8       0xf0 C:/devkitPro/libogc/lib/wii\libogc.a(system.o)
                0x80a152f8                SYS_CreateAlarm
 .text.SYS_SetAlarm
                0x80a153e8      0x1e0 C:/devkitPro/libogc/lib/wii\libogc.a(system.o)
                0x80a153e8                SYS_SetAlarm
 .text.SYS_CancelAlarm
                0x80a155c8       0xbc C:/devkitPro/libogc/lib/wii\libogc.a(system.o)
                0x80a155c8                SYS_CancelAlarm
 .text.SYS_GetWirelessID
                0x80a15684       0x94 C:/devkitPro/libogc/lib/wii\libogc.a(system.o)
                0x80a15684                SYS_GetWirelessID
 .text.SYS_SetWirelessID
                0x80a15718       0x90 C:/devkitPro/libogc/lib/wii\libogc.a(system.o)
                0x80a15718                SYS_SetWirelessID
 .text.SYS_SetGBSMode
                0x80a157a8       0xa8 C:/devkitPro/libogc/lib/wii\libogc.a(system.o)
                0x80a157a8                SYS_SetGBSMode
 .text.__sram_init
                0x80a15850      0x1b8 C:/devkitPro/libogc/lib/wii\libogc.a(system.o)
                0x80a15850                __sram_init
 .text.SYS_Init
                0x80a15a08      0x5e8 C:/devkitPro/libogc/lib/wii\libogc.a(system.o)
                0x80a15a08                SYS_Init
 .text.SYS_GetHollywoodRevision
                0x80a15ff0       0x3c C:/devkitPro/libogc/lib/wii\libogc.a(system.o)
                0x80a15ff0                SYS_GetHollywoodRevision
 .text.SYS_Time
                0x80a1602c       0x78 C:/devkitPro/libogc/lib/wii\libogc.a(system.o)
                0x80a1602c                SYS_Time
 .text.__lwp_cond_init
                0x80a160a4       0x14 C:/devkitPro/libogc/lib/wii\libogc.a(cond.o)
                0x80a160a4                __lwp_cond_init
 .text.__decrementer_init
                0x80a160b8        0x4 C:/devkitPro/libogc/lib/wii\libogc.a(decrementer.o)
                0x80a160b8                __decrementer_init
 .text.c_decrementer_handler
                0x80a160bc        0xc C:/devkitPro/libogc/lib/wii\libogc.a(decrementer.o)
                0x80a160bc                c_decrementer_handler
 .text.__lwp_mqbox_init
                0x80a160c8       0x14 C:/devkitPro/libogc/lib/wii\libogc.a(message.o)
                0x80a160c8                __lwp_mqbox_init
 .text.__si_transfer
                0x80a160dc      0x1a4 C:/devkitPro/libogc/lib/wii\libogc.a(si.o)
 .text.__si_alarmhandler
                0x80a16280       0xdc C:/devkitPro/libogc/lib/wii\libogc.a(si.o)
 .text.__si_completetransfer
                0x80a1635c      0x1fc C:/devkitPro/libogc/lib/wii\libogc.a(si.o)
 .text.__si_transfernext
                0x80a16558       0xe0 C:/devkitPro/libogc/lib/wii\libogc.a(si.o)
 .text.SI_Busy  0x80a16638       0x18 C:/devkitPro/libogc/lib/wii\libogc.a(si.o)
                0x80a16638                SI_Busy
 .text.SI_IsChanBusy
                0x80a16650       0x38 C:/devkitPro/libogc/lib/wii\libogc.a(si.o)
                0x80a16650                SI_IsChanBusy
 .text.SI_SetXY
                0x80a16688       0x64 C:/devkitPro/libogc/lib/wii\libogc.a(si.o)
                0x80a16688                SI_SetXY
 .text.SI_EnablePolling
                0x80a166ec       0x80 C:/devkitPro/libogc/lib/wii\libogc.a(si.o)
                0x80a166ec                SI_EnablePolling
 .text.SI_DisablePolling
                0x80a1676c       0x58 C:/devkitPro/libogc/lib/wii\libogc.a(si.o)
                0x80a1676c                SI_DisablePolling
 .text.SI_SetSamplingRate
                0x80a167c4       0xd8 C:/devkitPro/libogc/lib/wii\libogc.a(si.o)
                0x80a167c4                SI_SetSamplingRate
 .text.SI_RefreshSamplingRate
                0x80a1689c        0x8 C:/devkitPro/libogc/lib/wii\libogc.a(si.o)
                0x80a1689c                SI_RefreshSamplingRate
 .text.SI_GetStatus
                0x80a168a4       0x78 C:/devkitPro/libogc/lib/wii\libogc.a(si.o)
                0x80a168a4                SI_GetStatus
 .text.SI_GetResponseRaw
                0x80a1691c       0xe8 C:/devkitPro/libogc/lib/wii\libogc.a(si.o)
                0x80a1691c                SI_GetResponseRaw
 .text.SI_GetResponse
                0x80a16a04       0xb8 C:/devkitPro/libogc/lib/wii\libogc.a(si.o)
                0x80a16a04                SI_GetResponse
 .text.SI_SetCommand
                0x80a16abc       0x10 C:/devkitPro/libogc/lib/wii\libogc.a(si.o)
                0x80a16abc                SI_SetCommand
 .text.SI_Transfer
                0x80a16acc      0x26c C:/devkitPro/libogc/lib/wii\libogc.a(si.o)
                0x80a16acc                SI_Transfer
 .text.__si_gettypecallback
                0x80a16d38      0x2c0 C:/devkitPro/libogc/lib/wii\libogc.a(si.o)
 .text.__si_interrupthandler
                0x80a16ff8      0x268 C:/devkitPro/libogc/lib/wii\libogc.a(si.o)
 .text.SI_GetType
                0x80a17260      0x1f4 C:/devkitPro/libogc/lib/wii\libogc.a(si.o)
                0x80a17260                SI_GetType
 .text.SI_GetTypeAsync
                0x80a17454      0x138 C:/devkitPro/libogc/lib/wii\libogc.a(si.o)
                0x80a17454                SI_GetTypeAsync
 .text.SI_EnablePollingInterrupt
                0x80a1758c       0x8c C:/devkitPro/libogc/lib/wii\libogc.a(si.o)
                0x80a1758c                SI_EnablePollingInterrupt
 .text.SI_UnregisterPollingHandler
                0x80a17618       0xe0 C:/devkitPro/libogc/lib/wii\libogc.a(si.o)
                0x80a17618                SI_UnregisterPollingHandler
 .text.__si_init
                0x80a176f8       0xe8 C:/devkitPro/libogc/lib/wii\libogc.a(si.o)
                0x80a176f8                __si_init
 .text.__ipc_sendrequest
                0x80a177e0      0x104 C:/devkitPro/libogc/lib/wii\libogc.a(ipc.o)
 .text.__ipc_syncrequest
                0x80a178e4       0xe4 C:/devkitPro/libogc/lib/wii\libogc.a(ipc.o)
 .text.__ioctlvfmtCB
                0x80a179c8      0x158 C:/devkitPro/libogc/lib/wii\libogc.a(ipc.o)
 .text.__ios_ioctlvformat_parse
                0x80a17b20      0x820 C:/devkitPro/libogc/lib/wii\libogc.a(ipc.o)
 .text.__ipc_asyncrequest
                0x80a18340      0x13c C:/devkitPro/libogc/lib/wii\libogc.a(ipc.o)
 .text.__ipc_interrupthandler
                0x80a1847c      0x34c C:/devkitPro/libogc/lib/wii\libogc.a(ipc.o)
 .text.iosCreateHeap
                0x80a187c8      0x130 C:/devkitPro/libogc/lib/wii\libogc.a(ipc.o)
                0x80a187c8                iosCreateHeap
 .text.iosAlloc
                0x80a188f8       0x30 C:/devkitPro/libogc/lib/wii\libogc.a(ipc.o)
                0x80a188f8                iosAlloc
 .text.__IPC_ClntInit
                0x80a18928       0xc8 C:/devkitPro/libogc/lib/wii\libogc.a(ipc.o)
                0x80a18928                __IPC_ClntInit
 .text.IOS_Open
                0x80a189f0      0x110 C:/devkitPro/libogc/lib/wii\libogc.a(ipc.o)
                0x80a189f0                IOS_Open
 .text.IOS_Close
                0x80a18b00       0xf0 C:/devkitPro/libogc/lib/wii\libogc.a(ipc.o)
                0x80a18b00                IOS_Close
 .text.IOS_Read
                0x80a18bf0      0x10c C:/devkitPro/libogc/lib/wii\libogc.a(ipc.o)
                0x80a18bf0                IOS_Read
 .text.IOS_Write
                0x80a18cfc      0x10c C:/devkitPro/libogc/lib/wii\libogc.a(ipc.o)
                0x80a18cfc                IOS_Write
 .text.IOS_Ioctl
                0x80a18e08      0x158 C:/devkitPro/libogc/lib/wii\libogc.a(ipc.o)
                0x80a18e08                IOS_Ioctl
 .text.IOS_IoctlAsync
                0x80a18f60      0x148 C:/devkitPro/libogc/lib/wii\libogc.a(ipc.o)
                0x80a18f60                IOS_IoctlAsync
 .text.IOS_Ioctlv
                0x80a190a8      0x1f0 C:/devkitPro/libogc/lib/wii\libogc.a(ipc.o)
                0x80a190a8                IOS_Ioctlv
 .text.IOS_IoctlvFormat
                0x80a19298      0x16c C:/devkitPro/libogc/lib/wii\libogc.a(ipc.o)
                0x80a19298                IOS_IoctlvFormat
 .text.IOS_IoctlvReboot
                0x80a19404      0x1f4 C:/devkitPro/libogc/lib/wii\libogc.a(ipc.o)
                0x80a19404                IOS_IoctlvReboot
 .text.gettick  0x80a195f8        0x8 C:/devkitPro/libogc/lib/wii\libogc.a(timesupp.o)
                0x80a195f8                gettick
 .text.gettime  0x80a19600       0x18 C:/devkitPro/libogc/lib/wii\libogc.a(timesupp.o)
                0x80a19600                gettime
 .text.settime  0x80a19618       0x14 C:/devkitPro/libogc/lib/wii\libogc.a(timesupp.o)
                0x80a19618                settime
 .text.diff_usec
                0x80a1962c       0x88 C:/devkitPro/libogc/lib/wii\libogc.a(timesupp.o)
                0x80a1962c                diff_usec
 .text.__timesystem_init
                0x80a196b4       0x1c C:/devkitPro/libogc/lib/wii\libogc.a(timesupp.o)
                0x80a196b4                __timesystem_init
 .text.udelay   0x80a196d0       0xac C:/devkitPro/libogc/lib/wii\libogc.a(timesupp.o)
                0x80a196d0                udelay
 .text.__libogc_nanosleep
                0x80a1977c      0x144 C:/devkitPro/libogc/lib/wii\libogc.a(timesupp.o)
                0x80a1977c                __libogc_nanosleep
 .text.__libogc_gettod_r
                0x80a198c0       0xd4 C:/devkitPro/libogc/lib/wii\libogc.a(timesupp.o)
                0x80a198c0                __libogc_gettod_r
 .text.__syscall_lock_init
                0x80a19994       0x6c C:/devkitPro/libogc/lib/wii\libogc.a(lock_supp.o)
                0x80a19994                __syscall_lock_init
 .text.__syscall_lock_init_recursive
                0x80a19a00       0x6c C:/devkitPro/libogc/lib/wii\libogc.a(lock_supp.o)
                0x80a19a00                __syscall_lock_init_recursive
 .text.__syscall_lock_close
                0x80a19a6c       0x68 C:/devkitPro/libogc/lib/wii\libogc.a(lock_supp.o)
                0x80a19a6c                __syscall_lock_close
 .text.__syscall_lock_acquire
                0x80a19ad4       0x18 C:/devkitPro/libogc/lib/wii\libogc.a(lock_supp.o)
                0x80a19ad4                __syscall_lock_acquire
 .text.__syscall_lock_release
                0x80a19aec       0x18 C:/devkitPro/libogc/lib/wii\libogc.a(lock_supp.o)
                0x80a19aec                __syscall_lock_release
 .text.__usbgecko_exi_unlock
                0x80a19b04       0x34 C:/devkitPro/libogc/lib/wii\libogc.a(usbgecko.o)
 .text.usb_isgeckoalive
                0x80a19b38      0x1bc C:/devkitPro/libogc/lib/wii\libogc.a(usbgecko.o)
                0x80a19b38                usb_isgeckoalive
 .text.usb_sendbuffer_ex
                0x80a19cf4      0x214 C:/devkitPro/libogc/lib/wii\libogc.a(usbgecko.o)
                0x80a19cf4                usb_sendbuffer_ex
 .text.usb_sendbuffer
                0x80a19f08        0x8 C:/devkitPro/libogc/lib/wii\libogc.a(usbgecko.o)
                0x80a19f08                usb_sendbuffer
 .text.usb_sendbuffer_safe_ex
                0x80a19f10      0x2a8 C:/devkitPro/libogc/lib/wii\libogc.a(usbgecko.o)
                0x80a19f10                usb_sendbuffer_safe_ex
 .text.usb_sendbuffer_safe
                0x80a1a1b8        0x8 C:/devkitPro/libogc/lib/wii\libogc.a(usbgecko.o)
                0x80a1a1b8                usb_sendbuffer_safe
 .text._sbrk_r  0x80a1a1c0      0x28c C:/devkitPro/libogc/lib/wii\libogc.a(sbrk.o)
                0x80a1a1c0                _sbrk_r
 .text.__memlock_init
                0x80a1a44c       0x7c C:/devkitPro/libogc/lib/wii\libogc.a(malloc_lock.o)
                0x80a1a44c                __memlock_init
 .text.__libogc_malloc_lock
                0x80a1a4c8      0x1fc C:/devkitPro/libogc/lib/wii\libogc.a(malloc_lock.o)
                0x80a1a4c8                __libogc_malloc_lock
 .text.__libogc_malloc_unlock
                0x80a1a6c4       0x64 C:/devkitPro/libogc/lib/wii\libogc.a(malloc_lock.o)
                0x80a1a6c4                __libogc_malloc_unlock
 .text.__STM_SetEventHook
                0x80a1a728       0xb0 C:/devkitPro/libogc/lib/wii\libogc.a(stm.o)
                0x80a1a728                __STM_SetEventHook
 .text.__STM_Init
                0x80a1a7d8       0x8c C:/devkitPro/libogc/lib/wii\libogc.a(stm.o)
                0x80a1a7d8                __STM_Init
 .text.__STMEventHandler
                0x80a1a864       0x64 C:/devkitPro/libogc/lib/wii\libogc.a(stm.o)
 .text.__STM_ReleaseEventHook
                0x80a1a8c8       0x80 C:/devkitPro/libogc/lib/wii\libogc.a(stm.o)
                0x80a1a8c8                __STM_ReleaseEventHook
 .text.__STM_Close
                0x80a1a948       0xac C:/devkitPro/libogc/lib/wii\libogc.a(stm.o)
                0x80a1a948                __STM_Close
 .text.STM_RegisterEventHandler
                0x80a1a9f4       0x10 C:/devkitPro/libogc/lib/wii\libogc.a(stm.o)
                0x80a1a9f4                STM_RegisterEventHandler
 .text.STM_ShutdownToStandby
                0x80a1aa04       0x50 C:/devkitPro/libogc/lib/wii\libogc.a(stm.o)
                0x80a1aa04                STM_ShutdownToStandby
 .text.STM_ShutdownToIdle
                0x80a1aa54       0x70 C:/devkitPro/libogc/lib/wii\libogc.a(stm.o)
                0x80a1aa54                STM_ShutdownToIdle
 .text.STM_SetLedMode
                0x80a1aac4       0x40 C:/devkitPro/libogc/lib/wii\libogc.a(stm.o)
                0x80a1aac4                STM_SetLedMode
 .text.STM_RebootSystem
                0x80a1ab04       0x50 C:/devkitPro/libogc/lib/wii\libogc.a(stm.o)
                0x80a1ab04                STM_RebootSystem
 .text.__IOS_InitializeSubsystems
                0x80a1ab54       0x44 C:/devkitPro/libogc/lib/wii\libogc.a(ios.o)
                0x80a1ab54                __IOS_InitializeSubsystems
 .text.__IOS_ShutdownSubsystems
                0x80a1ab98       0x44 C:/devkitPro/libogc/lib/wii\libogc.a(ios.o)
                0x80a1ab98                __IOS_ShutdownSubsystems
 .text.__IOS_LoadStartupIOS
                0x80a1abdc        0x8 C:/devkitPro/libogc/lib/wii\libogc.a(ios.o)
                0x80a1abdc                __IOS_LoadStartupIOS
 .text._ES_fstat_r
                0x80a1abe4      0x120 C:/devkitPro/libogc/lib/wii\libogc.a(es.o)
 .text._ES_seek_r
                0x80a1ad04       0xdc C:/devkitPro/libogc/lib/wii\libogc.a(es.o)
 .text._ES_close_r
                0x80a1ade0       0xac C:/devkitPro/libogc/lib/wii\libogc.a(es.o)
 .text.__ES_Init
                0x80a1ae8c       0x78 C:/devkitPro/libogc/lib/wii\libogc.a(es.o)
                0x80a1ae8c                __ES_Init
 .text.__ES_Close
                0x80a1af04       0x54 C:/devkitPro/libogc/lib/wii\libogc.a(es.o)
                0x80a1af04                __ES_Close
 .text.ES_GetTitleID
                0x80a1af58       0x94 C:/devkitPro/libogc/lib/wii\libogc.a(es.o)
                0x80a1af58                ES_GetTitleID
 .text.ES_LaunchTitle
                0x80a1afec       0xa4 C:/devkitPro/libogc/lib/wii\libogc.a(es.o)
                0x80a1afec                ES_LaunchTitle
 .text.ES_GetNumTicketViews
                0x80a1b090       0x98 C:/devkitPro/libogc/lib/wii\libogc.a(es.o)
                0x80a1b090                ES_GetNumTicketViews
 .text.ES_GetTicketViews
                0x80a1b128       0x8c C:/devkitPro/libogc/lib/wii\libogc.a(es.o)
                0x80a1b128                ES_GetTicketViews
 .text.ES_GetStoredTMD
                0x80a1b1b4       0x90 C:/devkitPro/libogc/lib/wii\libogc.a(es.o)
                0x80a1b1b4                ES_GetStoredTMD
 .text._ES_decodepath
                0x80a1b244      0x440 C:/devkitPro/libogc/lib/wii\libogc.a(es.o)
 .text._ES_stat_r
                0x80a1b684       0xf4 C:/devkitPro/libogc/lib/wii\libogc.a(es.o)
 .text._ES_open_r
                0x80a1b778      0x1d0 C:/devkitPro/libogc/lib/wii\libogc.a(es.o)
 .text.ES_ReadContent
                0x80a1b948       0x6c C:/devkitPro/libogc/lib/wii\libogc.a(es.o)
                0x80a1b948                ES_ReadContent
 .text._ES_read_r
                0x80a1b9b4      0x17c C:/devkitPro/libogc/lib/wii\libogc.a(es.o)
 .text.__CheckARGV
                0x80a1bb30       0x80 C:/devkitPro/libogc/lib/wii\libogc.a(argv.o)
                0x80a1bb30                __CheckARGV
 .text.sdio_ClearStatus
                0x80a1bbb0        0x8 C:/devkitPro/libogc/lib/wii\libogc.a(wiisd.o)
 .text.__sdio_sendcommand
                0x80a1bbb8      0x118 C:/devkitPro/libogc/lib/wii\libogc.a(wiisd.o)
 .text.__sdio_waithcr
                0x80a1bcd0      0x148 C:/devkitPro/libogc/lib/wii\libogc.a(wiisd.o)
 .text.sdio_IsInserted
                0x80a1be18       0x58 C:/devkitPro/libogc/lib/wii\libogc.a(wiisd.o)
 .text.sdio_Shutdown
                0x80a1be70       0x80 C:/devkitPro/libogc/lib/wii\libogc.a(wiisd.o)
 .text.sdio_WriteSectors
                0x80a1bef0      0x1d4 C:/devkitPro/libogc/lib/wii\libogc.a(wiisd.o)
 .text.sdio_ReadSectors
                0x80a1c0c4      0x1d4 C:/devkitPro/libogc/lib/wii\libogc.a(wiisd.o)
 .text.__sd0_deselect.isra.0
                0x80a1c298       0xdc C:/devkitPro/libogc/lib/wii\libogc.a(wiisd.o)
 .text.sdio_Startup
                0x80a1c374      0x854 C:/devkitPro/libogc/lib/wii\libogc.a(wiisd.o)
 .text.CONF_Init
                0x80a1cbc8      0x184 C:/devkitPro/libogc/lib/wii\libogc.a(conf.o)
                0x80a1cbc8                CONF_Init
 .text.__CONF_GetTxt
                0x80a1cd4c      0x208 C:/devkitPro/libogc/lib/wii\libogc.a(conf.o)
                0x80a1cd4c                __CONF_GetTxt
 .text.__CONF_Find
                0x80a1cf54       0xfc C:/devkitPro/libogc/lib/wii\libogc.a(conf.o)
                0x80a1cf54                __CONF_Find
 .text.CONF_GetLength
                0x80a1d050      0x12c C:/devkitPro/libogc/lib/wii\libogc.a(conf.o)
                0x80a1d050                CONF_GetLength
 .text.CONF_Get
                0x80a1d17c      0x140 C:/devkitPro/libogc/lib/wii\libogc.a(conf.o)
                0x80a1d17c                CONF_Get
 .text.CONF_GetShutdownMode
                0x80a1d2bc       0x54 C:/devkitPro/libogc/lib/wii\libogc.a(conf.o)
                0x80a1d2bc                CONF_GetShutdownMode
 .text.CONF_GetIdleLedMode
                0x80a1d310       0x54 C:/devkitPro/libogc/lib/wii\libogc.a(conf.o)
                0x80a1d310                CONF_GetIdleLedMode
 .text.CONF_GetProgressiveScan
                0x80a1d364       0x54 C:/devkitPro/libogc/lib/wii\libogc.a(conf.o)
                0x80a1d364                CONF_GetProgressiveScan
 .text.CONF_GetEuRGB60
                0x80a1d3b8       0x54 C:/devkitPro/libogc/lib/wii\libogc.a(conf.o)
                0x80a1d3b8                CONF_GetEuRGB60
 .text.CONF_GetCounterBias
                0x80a1d40c       0x4c C:/devkitPro/libogc/lib/wii\libogc.a(conf.o)
                0x80a1d40c                CONF_GetCounterBias
 .text.CONF_GetDisplayOffsetH
                0x80a1d458       0x4c C:/devkitPro/libogc/lib/wii\libogc.a(conf.o)
                0x80a1d458                CONF_GetDisplayOffsetH
 .text.CONF_GetVideo
                0x80a1d4a4       0x88 C:/devkitPro/libogc/lib/wii\libogc.a(conf.o)
                0x80a1d4a4                CONF_GetVideo
 .text.__WII_WriteNANDBootInfo.isra.0
                0x80a1d52c       0xbc C:/devkitPro/libogc/lib/wii\libogc.a(wiilaunch.o)
 .text.__WII_WriteStateFlags.isra.0
                0x80a1d5e8       0x94 C:/devkitPro/libogc/lib/wii\libogc.a(wiilaunch.o)
 .text.WII_Initialize
                0x80a1d67c      0x188 C:/devkitPro/libogc/lib/wii\libogc.a(wiilaunch.o)
                0x80a1d67c                WII_Initialize
 .text.WII_LaunchTitle
                0x80a1d804      0x1ac C:/devkitPro/libogc/lib/wii\libogc.a(wiilaunch.o)
                0x80a1d804                WII_LaunchTitle
 .text.WII_ReturnToMenu
                0x80a1d9b0       0x58 C:/devkitPro/libogc/lib/wii\libogc.a(wiilaunch.o)
                0x80a1d9b0                WII_ReturnToMenu
 .text.__lwp_priority_init
                0x80a1da08       0x1c C:/devkitPro/libogc/lib/wii\libogc.a(lwp_priority.o)
                0x80a1da08                __lwp_priority_init
 .text.__lwp_queue_initialize
                0x80a1da24       0x98 C:/devkitPro/libogc/lib/wii\libogc.a(lwp_queue.o)
                0x80a1da24                __lwp_queue_initialize
 .text.__lwp_queue_get
                0x80a1dabc       0x74 C:/devkitPro/libogc/lib/wii\libogc.a(lwp_queue.o)
                0x80a1dabc                __lwp_queue_get
 .text.__lwp_queue_append
                0x80a1db30       0x4c C:/devkitPro/libogc/lib/wii\libogc.a(lwp_queue.o)
                0x80a1db30                __lwp_queue_append
 .text.__lwp_threadqueue_enqueuefifo
                0x80a1db7c      0x12c C:/devkitPro/libogc/lib/wii\libogc.a(lwp_threadq.o)
                0x80a1db7c                __lwp_threadqueue_enqueuefifo
 .text.__lwp_threadqueue_dequeuefifo
                0x80a1dca8      0x134 C:/devkitPro/libogc/lib/wii\libogc.a(lwp_threadq.o)
                0x80a1dca8                __lwp_threadqueue_dequeuefifo
 .text.__lwp_threadqueue_enqueuepriority
                0x80a1dddc      0x334 C:/devkitPro/libogc/lib/wii\libogc.a(lwp_threadq.o)
                0x80a1dddc                __lwp_threadqueue_enqueuepriority
 .text.__lwp_threadqueue_dequeuepriority
                0x80a1e110      0x1d8 C:/devkitPro/libogc/lib/wii\libogc.a(lwp_threadq.o)
                0x80a1e110                __lwp_threadqueue_dequeuepriority
 .text.__lwp_threadqueue_init
                0x80a1e2e8       0x64 C:/devkitPro/libogc/lib/wii\libogc.a(lwp_threadq.o)
                0x80a1e2e8                __lwp_threadqueue_init
 .text.__lwp_threadqueue_enqueue
                0x80a1e34c      0x138 C:/devkitPro/libogc/lib/wii\libogc.a(lwp_threadq.o)
                0x80a1e34c                __lwp_threadqueue_enqueue
 .text.__lwp_threadqueue_dequeue
                0x80a1e484       0x24 C:/devkitPro/libogc/lib/wii\libogc.a(lwp_threadq.o)
                0x80a1e484                __lwp_threadqueue_dequeue
 .text.__lwp_threadqueue_flush
                0x80a1e4a8       0x68 C:/devkitPro/libogc/lib/wii\libogc.a(lwp_threadq.o)
                0x80a1e4a8                __lwp_threadqueue_flush
 .text.__lwp_threadqueue_extractfifo
                0x80a1e510       0xe8 C:/devkitPro/libogc/lib/wii\libogc.a(lwp_threadq.o)
                0x80a1e510                __lwp_threadqueue_extractfifo
 .text.__lwp_threadqueue_extractpriority
                0x80a1e5f8      0x148 C:/devkitPro/libogc/lib/wii\libogc.a(lwp_threadq.o)
                0x80a1e5f8                __lwp_threadqueue_extractpriority
 .text.__lwp_threadqueue_timeout
                0x80a1e740       0xd0 C:/devkitPro/libogc/lib/wii\libogc.a(lwp_threadq.o)
 .text.__lwp_threadqueue_extractproxy
                0x80a1e810       0x64 C:/devkitPro/libogc/lib/wii\libogc.a(lwp_threadq.o)
                0x80a1e810                __lwp_threadqueue_extractproxy
 .text.__syscall_getreent
                0x80a1e874       0x24 C:/devkitPro/libogc/lib/wii\libogc.a(lwp_threads.o)
                0x80a1e874                __syscall_getreent
 .text.__lwp_isr_in_progress
                0x80a1e898        0x8 C:/devkitPro/libogc/lib/wii\libogc.a(lwp_threads.o)
                0x80a1e898                __lwp_isr_in_progress
 .text.__thread_dispatch_fp
                0x80a1e8a0       0x88 C:/devkitPro/libogc/lib/wii\libogc.a(lwp_threads.o)
                0x80a1e8a0                __thread_dispatch_fp
 .text.__thread_dispatch
                0x80a1e928       0xf4 C:/devkitPro/libogc/lib/wii\libogc.a(lwp_threads.o)
                0x80a1e928                __thread_dispatch
 .text.__lwp_thread_resettimeslice
                0x80a1ea1c       0xb4 C:/devkitPro/libogc/lib/wii\libogc.a(lwp_threads.o)
                0x80a1ea1c                __lwp_thread_resettimeslice
 .text.__lwp_thread_tickle_timeslice
                0x80a1ead0       0xc8 C:/devkitPro/libogc/lib/wii\libogc.a(lwp_threads.o)
                0x80a1ead0                __lwp_thread_tickle_timeslice
 .text.__lwp_thread_setstate
                0x80a1eb98      0x16c C:/devkitPro/libogc/lib/wii\libogc.a(lwp_threads.o)
                0x80a1eb98                __lwp_thread_setstate
 .text.__lwp_thread_clearstate
                0x80a1ed04       0xe4 C:/devkitPro/libogc/lib/wii\libogc.a(lwp_threads.o)
                0x80a1ed04                __lwp_thread_clearstate
 .text.__lwp_thread_delayended
                0x80a1ede8       0x48 C:/devkitPro/libogc/lib/wii\libogc.a(lwp_threads.o)
                0x80a1ede8                __lwp_thread_delayended
 .text.__lwp_thread_settransient
                0x80a1ee30       0xb4 C:/devkitPro/libogc/lib/wii\libogc.a(lwp_threads.o)
                0x80a1ee30                __lwp_thread_settransient
 .text.__lwp_thread_changepriority
                0x80a1eee4      0x1f8 C:/devkitPro/libogc/lib/wii\libogc.a(lwp_threads.o)
                0x80a1eee4                __lwp_thread_changepriority
 .text.__lwp_thread_ready
                0x80a1f0dc       0xf0 C:/devkitPro/libogc/lib/wii\libogc.a(lwp_threads.o)
                0x80a1f0dc                __lwp_thread_ready
 .text.__lwp_thread_init
                0x80a1f1cc      0x160 C:/devkitPro/libogc/lib/wii\libogc.a(lwp_threads.o)
                0x80a1f1cc                __lwp_thread_init
 .text.__lwp_thread_close
                0x80a1f32c      0x144 C:/devkitPro/libogc/lib/wii\libogc.a(lwp_threads.o)
                0x80a1f32c                __lwp_thread_close
 .text.__lwp_thread_handler
                0x80a1f470       0xc0 C:/devkitPro/libogc/lib/wii\libogc.a(lwp_threads.o)
 .text.__lwp_thread_closeall
                0x80a1f530       0xb0 C:/devkitPro/libogc/lib/wii\libogc.a(lwp_threads.o)
                0x80a1f530                __lwp_thread_closeall
 .text.__lwp_thread_start
                0x80a1f5e0      0x150 C:/devkitPro/libogc/lib/wii\libogc.a(lwp_threads.o)
                0x80a1f5e0                __lwp_thread_start
 .text.__lwp_thread_startmultitasking
                0x80a1f730       0xac C:/devkitPro/libogc/lib/wii\libogc.a(lwp_threads.o)
                0x80a1f730                __lwp_thread_startmultitasking
 .text.__lwp_thread_stopmultitasking
                0x80a1f7dc       0x58 C:/devkitPro/libogc/lib/wii\libogc.a(lwp_threads.o)
                0x80a1f7dc                __lwp_thread_stopmultitasking
 .text.__lwp_thread_coreinit
                0x80a1f834       0xc4 C:/devkitPro/libogc/lib/wii\libogc.a(lwp_threads.o)
                0x80a1f834                __lwp_thread_coreinit
 .text.__lwp_sema_initialize
                0x80a1f8f8       0x30 C:/devkitPro/libogc/lib/wii\libogc.a(lwp_sema.o)
                0x80a1f8f8                __lwp_sema_initialize
 .text.__lwp_sema_surrender
                0x80a1f928       0x98 C:/devkitPro/libogc/lib/wii\libogc.a(lwp_sema.o)
                0x80a1f928                __lwp_sema_surrender
 .text.__lwp_sema_seize
                0x80a1f9c0       0xd0 C:/devkitPro/libogc/lib/wii\libogc.a(lwp_sema.o)
                0x80a1f9c0                __lwp_sema_seize
 .text.__lwp_stack_allocate
                0x80a1fa90       0x60 C:/devkitPro/libogc/lib/wii\libogc.a(lwp_stack.o)
                0x80a1fa90                __lwp_stack_allocate
 .text.__lwp_stack_free
                0x80a1faf0       0x1c C:/devkitPro/libogc/lib/wii\libogc.a(lwp_stack.o)
                0x80a1faf0                __lwp_stack_free
 .text.__lwp_mutex_initialize
                0x80a1fb0c       0xa4 C:/devkitPro/libogc/lib/wii\libogc.a(lwp_mutex.o)
                0x80a1fb0c                __lwp_mutex_initialize
 .text.__lwp_mutex_surrender
                0x80a1fbb0      0x14c C:/devkitPro/libogc/lib/wii\libogc.a(lwp_mutex.o)
                0x80a1fbb0                __lwp_mutex_surrender
 .text.__lwp_mutex_seize_irq_blocking
                0x80a1fcfc       0xf8 C:/devkitPro/libogc/lib/wii\libogc.a(lwp_mutex.o)
                0x80a1fcfc                __lwp_mutex_seize_irq_blocking
 .text.__lwp_mutex_flush
                0x80a1fdf4        0x4 C:/devkitPro/libogc/lib/wii\libogc.a(lwp_mutex.o)
                0x80a1fdf4                __lwp_mutex_flush
 .text.__lwp_wd_settimer
                0x80a1fdf8       0xe0 C:/devkitPro/libogc/lib/wii\libogc.a(lwp_watchdog.o)
 .text.__lwp_watchdog_init
                0x80a1fed8       0x2c C:/devkitPro/libogc/lib/wii\libogc.a(lwp_watchdog.o)
                0x80a1fed8                __lwp_watchdog_init
 .text.__lwp_wd_insert
                0x80a1ff04      0x194 C:/devkitPro/libogc/lib/wii\libogc.a(lwp_watchdog.o)
                0x80a1ff04                __lwp_wd_insert
 .text.__lwp_wd_remove
                0x80a20098      0x138 C:/devkitPro/libogc/lib/wii\libogc.a(lwp_watchdog.o)
                0x80a20098                __lwp_wd_remove
 .text.__lwp_wd_tickle
                0x80a201d0      0x120 C:/devkitPro/libogc/lib/wii\libogc.a(lwp_watchdog.o)
                0x80a201d0                __lwp_wd_tickle
 .text.__lwp_wkspace_init
                0x80a202f0       0xc0 C:/devkitPro/libogc/lib/wii\libogc.a(lwp_wkspace.o)
                0x80a202f0                __lwp_wkspace_init
 .text.__systemcall_init
                0x80a203b0       0x70 C:/devkitPro/libogc/lib/wii\libogc.a(exception.o)
                0x80a203b0                __systemcall_init
 .text.__exception_init
                0x80a20420      0x120 C:/devkitPro/libogc/lib/wii\libogc.a(exception.o)
                0x80a20420                __exception_init
 .text.__exception_close
                0x80a20540       0xac C:/devkitPro/libogc/lib/wii\libogc.a(exception.o)
                0x80a20540                __exception_close
 .text.__exception_closeall
                0x80a205ec       0x80 C:/devkitPro/libogc/lib/wii\libogc.a(exception.o)
                0x80a205ec                __exception_closeall
 .text.c_default_exceptionhandler
                0x80a2066c      0x458 C:/devkitPro/libogc/lib/wii\libogc.a(exception.o)
                0x80a2066c                c_default_exceptionhandler
 .text.__SetInterrupts
                0x80a20ac4      0x268 C:/devkitPro/libogc/lib/wii\libogc.a(irq.o)
 .text.c_irqdispatcher
                0x80a20d2c      0x278 C:/devkitPro/libogc/lib/wii\libogc.a(irq.o)
                0x80a20d2c                c_irqdispatcher
 .text.__UnmaskIrq
                0x80a20fa4       0x84 C:/devkitPro/libogc/lib/wii\libogc.a(irq.o)
                0x80a20fa4                __UnmaskIrq
 .text.__MaskIrq
                0x80a21028       0x84 C:/devkitPro/libogc/lib/wii\libogc.a(irq.o)
                0x80a21028                __MaskIrq
 .text.__irq_init
                0x80a210ac       0x9c C:/devkitPro/libogc/lib/wii\libogc.a(irq.o)
                0x80a210ac                __irq_init
 .text.IRQ_Request
                0x80a21148       0x50 C:/devkitPro/libogc/lib/wii\libogc.a(irq.o)
                0x80a21148                IRQ_Request
 .text.IRQ_GetHandler
                0x80a21198       0x44 C:/devkitPro/libogc/lib/wii\libogc.a(irq.o)
                0x80a21198                IRQ_GetHandler
 .text.SPEC1_MakeStatus
                0x80a211dc      0x104 C:/devkitPro/libogc/lib/wii\libogc.a(pad.o)
 .text.__pad_samplinghandler
                0x80a212e0        0x4 C:/devkitPro/libogc/lib/wii\libogc.a(pad.o)
 .text.__pad_doreset
                0x80a212e4       0x50 C:/devkitPro/libogc/lib/wii\libogc.a(pad.o)
 .text.__pad_updateorigin
                0x80a21334       0xa4 C:/devkitPro/libogc/lib/wii\libogc.a(pad.o)
 .text.__pad_disable
                0x80a213d8       0xbc C:/devkitPro/libogc/lib/wii\libogc.a(pad.o)
 .text.__pad_receivecheckcallback
                0x80a21494       0x84 C:/devkitPro/libogc/lib/wii\libogc.a(pad.o)
 .text.__pad_typeandstatuscallback
                0x80a21518      0x1ac C:/devkitPro/libogc/lib/wii\libogc.a(pad.o)
 .text.__pad_originupdatecallback
                0x80a216c4       0x2c C:/devkitPro/libogc/lib/wii\libogc.a(pad.o)
 .text.__pad_onreset
                0x80a216f0      0x108 C:/devkitPro/libogc/lib/wii\libogc.a(pad.o)
 .text.SPEC2_MakeStatus
                0x80a217f8      0x214 C:/devkitPro/libogc/lib/wii\libogc.a(pad.o)
 .text.__pad_origincallback
                0x80a21a0c       0x74 C:/devkitPro/libogc/lib/wii\libogc.a(pad.o)
 .text.__pad_probecallback
                0x80a21a80       0x88 C:/devkitPro/libogc/lib/wii\libogc.a(pad.o)
 .text.__PADDisableRecalibration
                0x80a21b08       0x64 C:/devkitPro/libogc/lib/wii\libogc.a(pad.o)
                0x80a21b08                __PADDisableRecalibration
 .text.PAD_Reset
                0x80a21b6c       0xf0 C:/devkitPro/libogc/lib/wii\libogc.a(pad.o)
                0x80a21b6c                PAD_Reset
 .text.PAD_Read
                0x80a21c5c      0x2d4 C:/devkitPro/libogc/lib/wii\libogc.a(pad.o)
                0x80a21c5c                PAD_Read
 .text.PAD_Init
                0x80a21f30       0xf8 C:/devkitPro/libogc/lib/wii\libogc.a(pad.o)
                0x80a21f30                PAD_Init
 .text.PAD_ScanPads
                0x80a22028      0x15c C:/devkitPro/libogc/lib/wii\libogc.a(pad.o)
                0x80a22028                PAD_ScanPads
 .text.PAD_ButtonsDown
                0x80a22184       0x40 C:/devkitPro/libogc/lib/wii\libogc.a(pad.o)
                0x80a22184                PAD_ButtonsDown
 .text.__exi_irq_handler
                0x80a221c4       0x58 C:/devkitPro/libogc/lib/wii\libogc.a(exi.o)
 .text.__ext_irq_handler
                0x80a2221c       0xc8 C:/devkitPro/libogc/lib/wii\libogc.a(exi.o)
 .text.__tc_irq_handler
                0x80a222e4      0x178 C:/devkitPro/libogc/lib/wii\libogc.a(exi.o)
 .text.__exi_probe
                0x80a2245c      0x214 C:/devkitPro/libogc/lib/wii\libogc.a(exi.o)
 .text.__exi_attach
                0x80a22670      0x104 C:/devkitPro/libogc/lib/wii\libogc.a(exi.o)
 .text.EXI_Lock
                0x80a22774      0x218 C:/devkitPro/libogc/lib/wii\libogc.a(exi.o)
                0x80a22774                EXI_Lock
 .text.EXI_Unlock
                0x80a2298c      0x224 C:/devkitPro/libogc/lib/wii\libogc.a(exi.o)
                0x80a2298c                EXI_Unlock
 .text.EXI_Select
                0x80a22bb0      0x208 C:/devkitPro/libogc/lib/wii\libogc.a(exi.o)
                0x80a22bb0                EXI_Select
 .text.EXI_Deselect
                0x80a22db8      0x16c C:/devkitPro/libogc/lib/wii\libogc.a(exi.o)
                0x80a22db8                EXI_Deselect
 .text.EXI_Sync
                0x80a22f24      0x108 C:/devkitPro/libogc/lib/wii\libogc.a(exi.o)
                0x80a22f24                EXI_Sync
 .text.EXI_Imm  0x80a2302c      0x1f8 C:/devkitPro/libogc/lib/wii\libogc.a(exi.o)
                0x80a2302c                EXI_Imm
 .text.EXI_ImmEx
                0x80a23224       0xd8 C:/devkitPro/libogc/lib/wii\libogc.a(exi.o)
                0x80a23224                EXI_ImmEx
 .text.EXI_Dma  0x80a232fc      0x16c C:/devkitPro/libogc/lib/wii\libogc.a(exi.o)
                0x80a232fc                EXI_Dma
 .text.EXI_Detach
                0x80a23468       0xb0 C:/devkitPro/libogc/lib/wii\libogc.a(exi.o)
                0x80a23468                EXI_Detach
 .text.EXI_GetID
                0x80a23518      0x338 C:/devkitPro/libogc/lib/wii\libogc.a(exi.o)
                0x80a23518                EXI_GetID
 .text.__unlocked_handler
                0x80a23850       0x28 C:/devkitPro/libogc/lib/wii\libogc.a(exi.o)
 .text.EXI_ProbeReset
                0x80a23878       0x70 C:/devkitPro/libogc/lib/wii\libogc.a(exi.o)
                0x80a23878                EXI_ProbeReset
 .text.__exi_init
                0x80a238e8      0x188 C:/devkitPro/libogc/lib/wii\libogc.a(exi.o)
                0x80a238e8                __exi_init
 .text.__lwp_mutex_locksupp.constprop.0
                0x80a23a70      0x2a8 C:/devkitPro/libogc/lib/wii\libogc.a(mutex.o)
 .text.__lwp_mutex_init
                0x80a23d18       0x14 C:/devkitPro/libogc/lib/wii\libogc.a(mutex.o)
                0x80a23d18                __lwp_mutex_init
 .text.LWP_MutexInit
                0x80a23d2c      0x100 C:/devkitPro/libogc/lib/wii\libogc.a(mutex.o)
                0x80a23d2c                LWP_MutexInit
 .text.LWP_MutexDestroy
                0x80a23e2c       0xf0 C:/devkitPro/libogc/lib/wii\libogc.a(mutex.o)
                0x80a23e2c                LWP_MutexDestroy
 .text.LWP_MutexLock
                0x80a23f1c        0x8 C:/devkitPro/libogc/lib/wii\libogc.a(mutex.o)
                0x80a23f1c                LWP_MutexLock
 .text.LWP_MutexUnlock
                0x80a23f24       0x9c C:/devkitPro/libogc/lib/wii\libogc.a(mutex.o)
                0x80a23f24                LWP_MutexUnlock
 .text.__GX_InitRevBits
                0x80a23fc0       0x98 C:/devkitPro/libogc/lib/wii\libogc.a(gx.o)
 .text.GX_AbortFrame
                0x80a24058      0x3d8 C:/devkitPro/libogc/lib/wii\libogc.a(gx.o)
                0x80a24058                GX_AbortFrame
 .text.number   0x80a24430      0x318 C:/devkitPro/libogc/lib/wii\libogc.a(kprintf.o)
 .text.kvsprintf
                0x80a24748      0x888 C:/devkitPro/libogc/lib/wii\libogc.a(kprintf.o)
                0x80a24748                kvsprintf
 .text.kprintf  0x80a24fd0       0xac C:/devkitPro/libogc/lib/wii\libogc.a(kprintf.o)
                0x80a24fd0                kprintf
 .text.net_wc24cleanup
                0x80a2507c       0x64 C:/devkitPro/libogc/lib/wii\libogc.a(network_wii.o)
                0x80a2507c                net_wc24cleanup
 .text.mxml_set_attr
                0x80a250e0      0x130 C:/devkitPro/portlibs/ppc/lib\libmxml.a(mxml-attr.o)
 .text.mxmlElementGetAttr
                0x80a25210       0xcc C:/devkitPro/portlibs/ppc/lib\libmxml.a(mxml-attr.o)
                0x80a25210                mxmlElementGetAttr
 .text.mxmlElementSetAttr
                0x80a252dc       0xc4 C:/devkitPro/portlibs/ppc/lib\libmxml.a(mxml-attr.o)
                0x80a252dc                mxmlElementSetAttr
 .text.mxml_get_entity
                0x80a253a0      0x2ec C:/devkitPro/portlibs/ppc/lib\libmxml.a(mxml-file.o)
 .text.mxml_add_char
                0x80a2568c      0x194 C:/devkitPro/portlibs/ppc/lib\libmxml.a(mxml-file.o)
 .text.mxml_load_data
                0x80a25820     0x1964 C:/devkitPro/portlibs/ppc/lib\libmxml.a(mxml-file.o)
 .text.mxml_file_getc
                0x80a27184      0x37c C:/devkitPro/portlibs/ppc/lib\libmxml.a(mxml-file.o)
 .text.mxmlLoadFile
                0x80a27500       0x14 C:/devkitPro/portlibs/ppc/lib\libmxml.a(mxml-file.o)
                0x80a27500                mxmlLoadFile
 .text.mxmlGetFirstChild
                0x80a27514       0x24 C:/devkitPro/portlibs/ppc/lib\libmxml.a(mxml-get.o)
                0x80a27514                mxmlGetFirstChild
 .text.mxmlGetNextSibling
                0x80a27538       0x18 C:/devkitPro/portlibs/ppc/lib\libmxml.a(mxml-get.o)
                0x80a27538                mxmlGetNextSibling
 .text.mxmlGetText
                0x80a27550       0x7c C:/devkitPro/portlibs/ppc/lib\libmxml.a(mxml-get.o)
                0x80a27550                mxmlGetText
 .text.mxmlGetType
                0x80a275cc       0x18 C:/devkitPro/portlibs/ppc/lib\libmxml.a(mxml-get.o)
                0x80a275cc                mxmlGetType
 .text.mxml_free
                0x80a275e4      0x15c C:/devkitPro/portlibs/ppc/lib\libmxml.a(mxml-node.o)
 .text.mxmlDelete.part.0
                0x80a27740      0x118 C:/devkitPro/portlibs/ppc/lib\libmxml.a(mxml-node.o)
 .text.mxml_new
                0x80a27858       0xc8 C:/devkitPro/portlibs/ppc/lib\libmxml.a(mxml-node.o)
 .text.mxmlDelete
                0x80a27920        0xc C:/devkitPro/portlibs/ppc/lib\libmxml.a(mxml-node.o)
                0x80a27920                mxmlDelete
 .text.mxmlNewCustom
                0x80a2792c       0x4c C:/devkitPro/portlibs/ppc/lib\libmxml.a(mxml-node.o)
                0x80a2792c                mxmlNewCustom
 .text.mxmlNewElement
                0x80a27978       0x88 C:/devkitPro/portlibs/ppc/lib\libmxml.a(mxml-node.o)
                0x80a27978                mxmlNewElement
 .text.mxmlNewInteger
                0x80a27a00       0x3c C:/devkitPro/portlibs/ppc/lib\libmxml.a(mxml-node.o)
                0x80a27a00                mxmlNewInteger
 .text.mxmlNewOpaque
                0x80a27a3c       0x88 C:/devkitPro/portlibs/ppc/lib\libmxml.a(mxml-node.o)
                0x80a27a3c                mxmlNewOpaque
 .text.mxmlNewReal
                0x80a27ac4       0x3c C:/devkitPro/portlibs/ppc/lib\libmxml.a(mxml-node.o)
                0x80a27ac4                mxmlNewReal
 .text.mxmlNewText
                0x80a27b00       0x9c C:/devkitPro/portlibs/ppc/lib\libmxml.a(mxml-node.o)
                0x80a27b00                mxmlNewText
 .text.mxmlRelease
                0x80a27b9c       0x54 C:/devkitPro/portlibs/ppc/lib\libmxml.a(mxml-node.o)
                0x80a27b9c                mxmlRelease
 .text.mxmlWalkNext
                0x80a27bf0       0x7c C:/devkitPro/portlibs/ppc/lib\libmxml.a(mxml-search.o)
                0x80a27bf0                mxmlWalkNext
 .text.mxmlFindElement
                0x80a27c6c      0x1b4 C:/devkitPro/portlibs/ppc/lib\libmxml.a(mxml-search.o)
                0x80a27c6c                mxmlFindElement
 .text.mxml_error
                0x80a27e20       0xe0 C:/devkitPro/portlibs/ppc/lib\libmxml.a(mxml-private.o)
                0x80a27e20                mxml_error
 .text._mxml_global
                0x80a27f00        0xc C:/devkitPro/portlibs/ppc/lib\libmxml.a(mxml-private.o)
                0x80a27f00                _mxml_global
 .text.mxmlEntityGetValue
                0x80a27f0c       0xac C:/devkitPro/portlibs/ppc/lib\libmxml.a(mxml-entity.o)
                0x80a27f0c                mxmlEntityGetValue
 .text._mxml_entity_cb
                0x80a27fb8      0x140 C:/devkitPro/portlibs/ppc/lib\libmxml.a(mxml-entity.o)
                0x80a27fb8                _mxml_entity_cb
 .text.fatMount
                0x80a280f8      0x118 C:/devkitPro/libogc/lib/wii\libfat.a(libfat.o)
                0x80a280f8                fatMount
 .text.fatMountSimple
                0x80a28210       0x10 C:/devkitPro/libogc/lib/wii\libfat.a(libfat.o)
                0x80a28210                fatMountSimple
 .text.fatUnmount
                0x80a28220       0x74 C:/devkitPro/libogc/lib/wii\libfat.a(libfat.o)
                0x80a28220                fatUnmount
 .text.u8array_to_u16
                0x80a28294       0x14 C:/devkitPro/libogc/lib/wii\libfat.a(directory.o)
 .text._FAT_directory_entryGetAlias
                0x80a282a8      0x11c C:/devkitPro/libogc/lib/wii\libfat.a(directory.o)
 .text._FAT_directory_incrementDirEntryPosition
                0x80a283c4       0xf4 C:/devkitPro/libogc/lib/wii\libfat.a(directory.o)
 .text._FAT_directory_mbsncasecmp
                0x80a284b8       0xe8 C:/devkitPro/libogc/lib/wii\libfat.a(directory.o)
 .text._FAT_fat_clusterToSector
                0x80a285a0       0x28 C:/devkitPro/libogc/lib/wii\libfat.a(directory.o)
 .text._FAT_directory_ucs2tombs.constprop.0
                0x80a285c8       0xd8 C:/devkitPro/libogc/lib/wii\libfat.a(directory.o)
 .text._FAT_directory_entryGetCluster
                0x80a286a0       0x4c C:/devkitPro/libogc/lib/wii\libfat.a(directory.o)
                0x80a286a0                _FAT_directory_entryGetCluster
 .text._FAT_directory_getNextEntry
                0x80a286ec      0x2cc C:/devkitPro/libogc/lib/wii\libfat.a(directory.o)
                0x80a286ec                _FAT_directory_getNextEntry
 .text._FAT_directory_getFirstEntry
                0x80a289b8       0x24 C:/devkitPro/libogc/lib/wii\libfat.a(directory.o)
                0x80a289b8                _FAT_directory_getFirstEntry
 .text._FAT_directory_entryExists
                0x80a289dc       0xc8 C:/devkitPro/libogc/lib/wii\libfat.a(directory.o)
 .text._FAT_directory_getRootEntry
                0x80a28aa4       0xa0 C:/devkitPro/libogc/lib/wii\libfat.a(directory.o)
                0x80a28aa4                _FAT_directory_getRootEntry
 .text._FAT_directory_entryFromPosition
                0x80a28b44      0x1d0 C:/devkitPro/libogc/lib/wii\libfat.a(directory.o)
                0x80a28b44                _FAT_directory_entryFromPosition
 .text._FAT_directory_entryFromPath
                0x80a28d14      0x26c C:/devkitPro/libogc/lib/wii\libfat.a(directory.o)
                0x80a28d14                _FAT_directory_entryFromPath
 .text._FAT_directory_removeEntry
                0x80a28f80      0x100 C:/devkitPro/libogc/lib/wii\libfat.a(directory.o)
                0x80a28f80                _FAT_directory_removeEntry
 .text._FAT_directory_addEntry
                0x80a29080      0x940 C:/devkitPro/libogc/lib/wii\libfat.a(directory.o)
                0x80a29080                _FAT_directory_addEntry
 .text._FAT_directory_chdir
                0x80a299c0       0x60 C:/devkitPro/libogc/lib/wii\libfat.a(directory.o)
                0x80a299c0                _FAT_directory_chdir
 .text._FAT_directory_entryStat
                0x80a29a20      0x140 C:/devkitPro/libogc/lib/wii\libfat.a(directory.o)
                0x80a29a20                _FAT_directory_entryStat
 .text._FAT_filetime_getTimeFromRTC
                0x80a29b60       0x84 C:/devkitPro/libogc/lib/wii\libfat.a(filetime.o)
                0x80a29b60                _FAT_filetime_getTimeFromRTC
 .text._FAT_filetime_getDateFromRTC
                0x80a29be4       0x84 C:/devkitPro/libogc/lib/wii\libfat.a(filetime.o)
                0x80a29be4                _FAT_filetime_getDateFromRTC
 .text._FAT_filetime_to_time_t
                0x80a29c68       0x64 C:/devkitPro/libogc/lib/wii\libfat.a(filetime.o)
                0x80a29c68                _FAT_filetime_to_time_t
 .text._FAT_fat_writeFatEntry.isra.0
                0x80a29ccc      0x1c0 C:/devkitPro/libogc/lib/wii\libfat.a(file_allocation_table.o)
 .text._FAT_fat_nextCluster
                0x80a29e8c      0x198 C:/devkitPro/libogc/lib/wii\libfat.a(file_allocation_table.o)
                0x80a29e8c                _FAT_fat_nextCluster
 .text._FAT_fat_linkFreeCluster
                0x80a2a024       0xe4 C:/devkitPro/libogc/lib/wii\libfat.a(file_allocation_table.o)
                0x80a2a024                _FAT_fat_linkFreeCluster
 .text._FAT_fat_linkFreeClusterCleared
                0x80a2a108       0xbc C:/devkitPro/libogc/lib/wii\libfat.a(file_allocation_table.o)
                0x80a2a108                _FAT_fat_linkFreeClusterCleared
 .text._FAT_fat_clearLinks
                0x80a2a1c4       0xc4 C:/devkitPro/libogc/lib/wii\libfat.a(file_allocation_table.o)
                0x80a2a1c4                _FAT_fat_clearLinks
 .text._FAT_fat_trimChain
                0x80a2a288       0xb4 C:/devkitPro/libogc/lib/wii\libfat.a(file_allocation_table.o)
                0x80a2a288                _FAT_fat_trimChain
 .text._FAT_fat_lastCluster
                0x80a2a33c       0x68 C:/devkitPro/libogc/lib/wii\libfat.a(file_allocation_table.o)
                0x80a2a33c                _FAT_fat_lastCluster
 .text._FAT_fat_freeClusterCount
                0x80a2a3a4       0x54 C:/devkitPro/libogc/lib/wii\libfat.a(file_allocation_table.o)
                0x80a2a3a4                _FAT_fat_freeClusterCount
 .text._FAT_check_position_for_next_cluster
                0x80a2a3f8      0x110 C:/devkitPro/libogc/lib/wii\libfat.a(fatfile.o)
 .text._FAT_fat_clusterToSector
                0x80a2a508       0x28 C:/devkitPro/libogc/lib/wii\libfat.a(fatfile.o)
 .text._FAT_unlock.isra.0
                0x80a2a530        0x4 C:/devkitPro/libogc/lib/wii\libfat.a(fatfile.o)
 .text._FAT_lock.isra.0
                0x80a2a534        0x4 C:/devkitPro/libogc/lib/wii\libfat.a(fatfile.o)
 .text._FAT_file_extend_r
                0x80a2a538      0x288 C:/devkitPro/libogc/lib/wii\libfat.a(fatfile.o)
 .text._FAT_open_r
                0x80a2a7c0      0x3b0 C:/devkitPro/libogc/lib/wii\libfat.a(fatfile.o)
                0x80a2a7c0                _FAT_open_r
 .text._FAT_syncToDisc
                0x80a2ab70      0x12c C:/devkitPro/libogc/lib/wii\libfat.a(fatfile.o)
                0x80a2ab70                _FAT_syncToDisc
 .text._FAT_close_r
                0x80a2ac9c       0xc4 C:/devkitPro/libogc/lib/wii\libfat.a(fatfile.o)
                0x80a2ac9c                _FAT_close_r
 .text._FAT_read_r
                0x80a2ad60      0x3c0 C:/devkitPro/libogc/lib/wii\libfat.a(fatfile.o)
                0x80a2ad60                _FAT_read_r
 .text._FAT_write_r
                0x80a2b120      0x54c C:/devkitPro/libogc/lib/wii\libfat.a(fatfile.o)
                0x80a2b120                _FAT_write_r
 .text._FAT_seek_r
                0x80a2b66c      0x1dc C:/devkitPro/libogc/lib/wii\libfat.a(fatfile.o)
                0x80a2b66c                _FAT_seek_r
 .text._FAT_fstat_r
                0x80a2b848       0xd8 C:/devkitPro/libogc/lib/wii\libfat.a(fatfile.o)
                0x80a2b848                _FAT_fstat_r
 .text._FAT_ftruncate_r
                0x80a2b920      0x1f0 C:/devkitPro/libogc/lib/wii\libfat.a(fatfile.o)
                0x80a2b920                _FAT_ftruncate_r
 .text._FAT_fsync_r
                0x80a2bb10       0x70 C:/devkitPro/libogc/lib/wii\libfat.a(fatfile.o)
                0x80a2bb10                _FAT_fsync_r
 .text._FAT_cache_getPage
                0x80a2bb80      0x158 C:/devkitPro/libogc/lib/wii\libfat.a(cache.o)
 .text._FAT_cache_constructor
                0x80a2bcd8       0xd0 C:/devkitPro/libogc/lib/wii\libfat.a(cache.o)
                0x80a2bcd8                _FAT_cache_constructor
 .text._FAT_cache_readSectors
                0x80a2bda8       0xa8 C:/devkitPro/libogc/lib/wii\libfat.a(cache.o)
                0x80a2bda8                _FAT_cache_readSectors
 .text._FAT_cache_readPartialSector
                0x80a2be50       0x90 C:/devkitPro/libogc/lib/wii\libfat.a(cache.o)
                0x80a2be50                _FAT_cache_readPartialSector
 .text._FAT_cache_readLittleEndianValue
                0x80a2bee0       0x78 C:/devkitPro/libogc/lib/wii\libfat.a(cache.o)
                0x80a2bee0                _FAT_cache_readLittleEndianValue
 .text._FAT_cache_writePartialSector
                0x80a2bf58       0x98 C:/devkitPro/libogc/lib/wii\libfat.a(cache.o)
                0x80a2bf58                _FAT_cache_writePartialSector
 .text._FAT_cache_writeLittleEndianValue
                0x80a2bff0       0x68 C:/devkitPro/libogc/lib/wii\libfat.a(cache.o)
                0x80a2bff0                _FAT_cache_writeLittleEndianValue
 .text._FAT_cache_eraseWritePartialSector
                0x80a2c058       0xb0 C:/devkitPro/libogc/lib/wii\libfat.a(cache.o)
                0x80a2c058                _FAT_cache_eraseWritePartialSector
 .text._FAT_cache_writeSectors
                0x80a2c108       0xb0 C:/devkitPro/libogc/lib/wii\libfat.a(cache.o)
                0x80a2c108                _FAT_cache_writeSectors
 .text._FAT_cache_flush
                0x80a2c1b8       0x90 C:/devkitPro/libogc/lib/wii\libfat.a(cache.o)
                0x80a2c1b8                _FAT_cache_flush
 .text._FAT_cache_destructor
                0x80a2c248       0x64 C:/devkitPro/libogc/lib/wii\libfat.a(cache.o)
                0x80a2c248                _FAT_cache_destructor
 .text._FAT_unlock.isra.0
                0x80a2c2ac        0x4 C:/devkitPro/libogc/lib/wii\libfat.a(fatdir.o)
 .text._FAT_lock.isra.0
                0x80a2c2b0        0x4 C:/devkitPro/libogc/lib/wii\libfat.a(fatdir.o)
 .text._FAT_unlinkCommon
                0x80a2c2b4      0x1f4 C:/devkitPro/libogc/lib/wii\libfat.a(fatdir.o)
 .text._FAT_stat_r
                0x80a2c4a8       0xc4 C:/devkitPro/libogc/lib/wii\libfat.a(fatdir.o)